Archive member included to satisfy reference by file (symbol)

c:/chibistudio/tools/gnu tools arm embedded/9.0 2019q4/bin/../lib/gcc/arm-none-eabi/9.2.1/thumb/v7e-m/nofp\libgcc.a(_aeabi_uldivmod.o)
                              C:\Users\ecemi\AppData\Local\Temp\ch.elf.pjFBcN.ltrans0.ltrans.o (__aeabi_uldivmod)
c:/chibistudio/tools/gnu tools arm embedded/9.0 2019q4/bin/../lib/gcc/arm-none-eabi/9.2.1/thumb/v7e-m/nofp\libgcc.a(_udivmoddi4.o)
                              c:/chibistudio/tools/gnu tools arm embedded/9.0 2019q4/bin/../lib/gcc/arm-none-eabi/9.2.1/thumb/v7e-m/nofp\libgcc.a(_aeabi_uldivmod.o) (__udivmoddi4)
c:/chibistudio/tools/gnu tools arm embedded/9.0 2019q4/bin/../lib/gcc/arm-none-eabi/9.2.1/thumb/v7e-m/nofp\libgcc.a(_dvmd_tls.o)
                              c:/chibistudio/tools/gnu tools arm embedded/9.0 2019q4/bin/../lib/gcc/arm-none-eabi/9.2.1/thumb/v7e-m/nofp\libgcc.a(_aeabi_uldivmod.o) (__aeabi_ldiv0)
c:/chibistudio/tools/gnu tools arm embedded/9.0 2019q4/bin/../lib/gcc/arm-none-eabi/9.2.1/../../../../arm-none-eabi/lib/thumb/v7e-m/nofp\libg.a(lib_a-memcmp.o)
                              C:\Users\ecemi\AppData\Local\Temp\ch.elf.pjFBcN.ltrans0.ltrans.o (memcmp)
c:/chibistudio/tools/gnu tools arm embedded/9.0 2019q4/bin/../lib/gcc/arm-none-eabi/9.2.1/../../../../arm-none-eabi/lib/thumb/v7e-m/nofp\libg.a(lib_a-memcpy.o)
                              C:\Users\ecemi\AppData\Local\Temp\ch.elf.pjFBcN.ltrans0.ltrans.o (memcpy)
c:/chibistudio/tools/gnu tools arm embedded/9.0 2019q4/bin/../lib/gcc/arm-none-eabi/9.2.1/../../../../arm-none-eabi/lib/thumb/v7e-m/nofp\libg.a(lib_a-memset.o)
                              C:\Users\ecemi\AppData\Local\Temp\ch.elf.pjFBcN.ltrans0.ltrans.o (memset)
c:/chibistudio/tools/gnu tools arm embedded/9.0 2019q4/bin/../lib/gcc/arm-none-eabi/9.2.1/../../../../arm-none-eabi/lib/thumb/v7e-m/nofp\libg.a(lib_a-strcmp.o)
                              C:\Users\ecemi\AppData\Local\Temp\ch.elf.pjFBcN.ltrans0.ltrans.o (strcmp)
c:/chibistudio/tools/gnu tools arm embedded/9.0 2019q4/bin/../lib/gcc/arm-none-eabi/9.2.1/../../../../arm-none-eabi/lib/thumb/v7e-m/nofp\libg.a(lib_a-strncmp.o)
                              C:\Users\ecemi\AppData\Local\Temp\ch.elf.pjFBcN.ltrans0.ltrans.o (strncmp)
c:/chibistudio/tools/gnu tools arm embedded/9.0 2019q4/bin/../lib/gcc/arm-none-eabi/9.2.1/../../../../arm-none-eabi/lib/thumb/v7e-m/nofp\libg.a(lib_a-strncpy.o)
                              C:\Users\ecemi\AppData\Local\Temp\ch.elf.pjFBcN.ltrans0.ltrans.o (strncpy)

Discarded input sections

 .data          0x00000000        0x0 ./build/obj/crt0_v7m.o
 .bss           0x00000000        0x0 ./build/obj/crt0_v7m.o
 .data          0x00000000        0x0 ./build/obj/vectors.o
 .bss           0x00000000        0x0 ./build/obj/vectors.o
 .data          0x00000000        0x0 ./build/obj/chcoreasm_v7m.o
 .bss           0x00000000        0x0 ./build/obj/chcoreasm_v7m.o
 .text          0x00000000        0x0 C:\Users\ecemi\AppData\Local\Temp\ch.elf.pjFBcN.ltrans0.ltrans.o
 .data          0x00000000        0x0 C:\Users\ecemi\AppData\Local\Temp\ch.elf.pjFBcN.ltrans0.ltrans.o
 .bss           0x00000000        0x0 C:\Users\ecemi\AppData\Local\Temp\ch.elf.pjFBcN.ltrans0.ltrans.o
 .text.st_lld_get_alarm
                0x00000000        0xc C:\Users\ecemi\AppData\Local\Temp\ch.elf.pjFBcN.ltrans0.ltrans.o
 .text.st_lld_is_alarm_active
                0x00000000       0x18 C:\Users\ecemi\AppData\Local\Temp\ch.elf.pjFBcN.ltrans0.ltrans.o
 .text.stGetAlarm
                0x00000000        0xc C:\Users\ecemi\AppData\Local\Temp\ch.elf.pjFBcN.ltrans0.ltrans.o
 .text.stIsAlarmActive
                0x00000000        0xc C:\Users\ecemi\AppData\Local\Temp\ch.elf.pjFBcN.ltrans0.ltrans.o
 .text.queue_init.lto_priv.0
                0x00000000       0x14 C:\Users\ecemi\AppData\Local\Temp\ch.elf.pjFBcN.ltrans0.ltrans.o
 .text.chSysLock.lto_priv.0
                0x00000000       0x10 C:\Users\ecemi\AppData\Local\Temp\ch.elf.pjFBcN.ltrans0.ltrans.o
 .text.chSysUnlock.lto_priv.0
                0x00000000       0x10 C:\Users\ecemi\AppData\Local\Temp\ch.elf.pjFBcN.ltrans0.ltrans.o
 .text.chThdQueueObjectInit.lto_priv.0
                0x00000000       0x14 C:\Users\ecemi\AppData\Local\Temp\ch.elf.pjFBcN.ltrans0.ltrans.o
 .text.osalSysLock.lto_priv.0
                0x00000000        0x8 C:\Users\ecemi\AppData\Local\Temp\ch.elf.pjFBcN.ltrans0.ltrans.o
 .text.osalSysUnlock.lto_priv.0
                0x00000000        0x8 C:\Users\ecemi\AppData\Local\Temp\ch.elf.pjFBcN.ltrans0.ltrans.o
 .text.osalThreadQueueObjectInit.lto_priv.0
                0x00000000       0x14 C:\Users\ecemi\AppData\Local\Temp\ch.elf.pjFBcN.ltrans0.ltrans.o
 .text.osalThreadEnqueueTimeoutS.lto_priv.0
                0x00000000       0x1c C:\Users\ecemi\AppData\Local\Temp\ch.elf.pjFBcN.ltrans0.ltrans.o
 .text.osalThreadDequeueNextI.lto_priv.0
                0x00000000       0x18 C:\Users\ecemi\AppData\Local\Temp\ch.elf.pjFBcN.ltrans0.ltrans.o
[...]
Memory Configuration

Name             Origin             Length             Attributes
flash0           0x08000000         0x00100000         xr
flash1           0x00000000         0x00000000         xr
flash2           0x00000000         0x00000000         xr
flash3           0x00000000         0x00000000         xr
flash4           0x00000000         0x00000000         xr
flash5           0x00000000         0x00000000         xr
flash6           0x00000000         0x00000000         xr
flash7           0x00000000         0x00000000         xr
ram0             0x20000000         0x00018000         xw
ram1             0x00000000         0x00000000         xw
ram2             0x00000000         0x00000000         xw
ram3             0x00000000         0x00000000         xw
ram4             0x10000000         0x00008000         xw
ram5             0x00000000         0x00000000         xw
ram6             0x00000000         0x00000000         xw
ram7             0x00000000         0x00000000         xw
*default*        0x00000000         0xffffffff

Linker script and memory map

LOAD ./build/obj/crt0_v7m.o
LOAD ./build/obj/vectors.o
LOAD ./build/obj/chcoreasm_v7m.o
LOAD C:\Users\ecemi\AppData\Local\Temp\ch.elf.pjFBcN.ltrans0.ltrans.o
LOAD C:\Users\ecemi\AppData\Local\Temp\ccgFx6Vx.debug.temp.o
LOAD C:\Users\ecemi\AppData\Local\Temp\ccEqwcgJ.debug.temp.o
LOAD C:\Users\ecemi\AppData\Local\Temp\ccGkhOSU.debug.temp.o
LOAD C:\Users\ecemi\AppData\Local\Temp\cc6Sy5t5.debug.temp.o
LOAD C:\Users\ecemi\AppData\Local\Temp\ccE12chg.debug.temp.o
LOAD C:\Users\ecemi\AppData\Local\Temp\cc4xzwdr.debug.temp.o
LOAD C:\Users\ecemi\AppData\Local\Temp\ccwfXgdB.debug.temp.o
LOAD C:\Users\ecemi\AppData\Local\Temp\cc03d6lL.debug.temp.o
LOAD C:\Users\ecemi\AppData\Local\Temp\ccuIL4BV.debug.temp.o
LOAD C:\Users\ecemi\AppData\Local\Temp\cc8Lz2Z4.debug.temp.o
LOAD C:\Users\ecemi\AppData\Local\Temp\ccUXpwEe.debug.temp.o
LOAD C:\Users\ecemi\AppData\Local\Temp\ccceSkyo.debug.temp.o
LOAD C:\Users\ecemi\AppData\Local\Temp\ccInLKaC.debug.temp.o
LOAD C:\Users\ecemi\AppData\Local\Temp\cc2mY10P.debug.temp.o
LOAD C:\Users\ecemi\AppData\Local\Temp\cc8wiWZ3.debug.temp.o
LOAD C:\Users\ecemi\AppData\Local\Temp\ccAIfPWg.debug.temp.o
LOAD C:\Users\ecemi\AppData\Local\Temp\ccYPtL6t.debug.temp.o
LOAD C:\Users\ecemi\AppData\Local\Temp\cckwCbqH.debug.temp.o
LOAD C:\Users\ecemi\AppData\Local\Temp\ccUjBYLU.debug.temp.o
LOAD C:\Users\ecemi\AppData\Local\Temp\ccKj8Jc7.debug.temp.o
LOAD C:\Users\ecemi\AppData\Local\Temp\ccqYEbLj.debug.temp.o
LOAD C:\Users\ecemi\AppData\Local\Temp\ccKd8sxw.debug.temp.o
LOAD C:\Users\ecemi\AppData\Local\Temp\ccOCeooJ.debug.temp.o
LOAD C:\Users\ecemi\AppData\Local\Temp\ccOf9QbV.debug.temp.o
LOAD C:\Users\ecemi\AppData\Local\Temp\ccsVau86.debug.temp.o
LOAD C:\Users\ecemi\AppData\Local\Temp\ccSlWqej.debug.temp.o
LOAD C:\Users\ecemi\AppData\Local\Temp\ccOApZov.debug.temp.o
LOAD C:\Users\ecemi\AppData\Local\Temp\ccuDE3eL.debug.temp.o
LOAD C:\Users\ecemi\AppData\Local\Temp\ccw182b1.debug.temp.o
LOAD C:\Users\ecemi\AppData\Local\Temp\ccmJavih.debug.temp.o
LOAD C:\Users\ecemi\AppData\Local\Temp\ccS26fyx.debug.temp.o
LOAD C:\Users\ecemi\AppData\Local\Temp\ccgcgxSN.debug.temp.o
LOAD C:\Users\ecemi\AppData\Local\Temp\ccUNPsb3.debug.temp.o
LOAD C:\Users\ecemi\AppData\Local\Temp\ccYSfBBi.debug.temp.o
LOAD C:\Users\ecemi\AppData\Local\Temp\ccM9BUay.debug.temp.o
LOAD C:\Users\ecemi\AppData\Local\Temp\cceZBwTN.debug.temp.o
LOAD C:\Users\ecemi\AppData\Local\Temp\cc84cXA2.debug.temp.o
LOAD C:\Users\ecemi\AppData\Local\Temp\ccKf7Jmh.debug.temp.o
LOAD C:\Users\ecemi\AppData\Local\Temp\cciWE0hw.debug.temp.o
LOAD C:\Users\ecemi\AppData\Local\Temp\cc8TWskL.debug.temp.o
LOAD C:\Users\ecemi\AppData\Local\Temp\ccmcFit0.debug.temp.o
LOAD C:\Users\ecemi\AppData\Local\Temp\ccksAVye.debug.temp.o
LOAD C:\Users\ecemi\AppData\Local\Temp\ccYjqRNs.debug.temp.o
LOAD C:\Users\ecemi\AppData\Local\Temp\ccEiTB7G.debug.temp.o
LOAD C:\Users\ecemi\AppData\Local\Temp\cc4WLoAV.debug.temp.o
LOAD C:\Users\ecemi\AppData\Local\Temp\cc6Ye1Kd.debug.temp.o
LOAD C:\Users\ecemi\AppData\Local\Temp\ccUhY54v.debug.temp.o
LOAD C:\Users\ecemi\AppData\Local\Temp\ccwq11CO.debug.temp.o
LOAD C:\Users\ecemi\AppData\Local\Temp\ccUjOhk7.debug.temp.o
LOAD C:\Users\ecemi\AppData\Local\Temp\ccY2c3Xo.debug.temp.o
LOAD C:\Users\ecemi\AppData\Local\Temp\ccO8KPHG.debug.temp.o
LOAD C:\Users\ecemi\AppData\Local\Temp\ccSV1VyY.debug.temp.o
LOAD C:\Users\ecemi\AppData\Local\Temp\ccyOh1zg.debug.temp.o
LOAD C:\Users\ecemi\AppData\Local\Temp\ccWNTJFy.debug.temp.o
LOAD C:\Users\ecemi\AppData\Local\Temp\cckjaFJP.debug.temp.o
LOAD C:\Users\ecemi\AppData\Local\Temp\ccoIw6U6.debug.temp.o
LOAD C:\Users\ecemi\AppData\Local\Temp\cc8INQfo.debug.temp.o
LOAD C:\Users\ecemi\AppData\Local\Temp\ccQI67EF.debug.temp.o
LOAD C:\Users\ecemi\AppData\Local\Temp\ccekkIdX.debug.temp.o
LOAD C:\Users\ecemi\AppData\Local\Temp\cc8J7HKd.debug.temp.o
LOAD C:\Users\ecemi\AppData\Local\Temp\cc46OFtu.debug.temp.o
LOAD C:\Users\ecemi\AppData\Local\Temp\ccIEe5lL.debug.temp.o
LOAD C:\Users\ecemi\AppData\Local\Temp\ccmKtaj2.debug.temp.o
LOAD C:\Users\ecemi\AppData\Local\Temp\cccMLpVm.debug.temp.o
LOAD C:\Users\ecemi\AppData\Local\Temp\cciw0HEH.debug.temp.o
LOAD C:\Users\ecemi\AppData\Local\Temp\ccqnSOs2.debug.temp.o
LOAD C:\Users\ecemi\AppData\Local\Temp\cccNneqn.debug.temp.o
LOAD C:\Users\ecemi\AppData\Local\Temp\ccooabmH.debug.temp.o
LOAD C:\Users\ecemi\AppData\Local\Temp\ccQpsHm1.debug.temp.o
LOAD C:\Users\ecemi\AppData\Local\Temp\ccIGvLwl.debug.temp.o
LOAD C:\Users\ecemi\AppData\Local\Temp\ccIXSINF.debug.temp.o
LOAD C:\Users\ecemi\AppData\Local\Temp\ccy5x0d0.debug.temp.o
LOAD C:\Users\ecemi\AppData\Local\Temp\ccM31BEj.debug.temp.o
LOAD C:\Users\ecemi\AppData\Local\Temp\ccYiZdcD.debug.temp.o
LOAD C:\Users\ecemi\AppData\Local\Temp\ccAlhNTW.debug.temp.o
LOAD C:\Users\ecemi\AppData\Local\Temp\ccmXGoIg.debug.temp.o
LOAD C:\Users\ecemi\AppData\Local\Temp\cc0wTWEz.debug.temp.o

.mstack         0x20000000      0x400
                0x20000000                . = ALIGN (0x8)
                0x20000000                __main_stack_base__ = .
                0x20000400                . = (. + __main_stack_size__)
 *fill*         0x20000000      0x400 
                0x20000400                . = ALIGN (0x8)
                0x20000400                __main_stack_end__ = .

.pstack         0x20000400      0x400
                0x20000400                . = ALIGN (0x8)
                0x20000400                __process_stack_base__ = .
                0x20000400                __main_thread_stack_base__ = .
                0x20000800                . = (. + __process_stack_size__)
 *fill*         0x20000400      0x400 
                0x20000800                . = ALIGN (0x8)
                0x20000800                __process_stack_end__ = .
                0x20000800                __main_thread_stack_end__ = .

.vectors        0x08000000      0x1a0
 *(.vectors)
 .vectors       0x08000000      0x1a0 ./build/obj/vectors.o
                0x08000000                _vectors

.xtors          0x080001a0        0x0
                0x080001a0                __init_array_base__ = .
 *(SORT_BY_NAME(.init_array.*))
 *(.init_array)
                0x080001a0                __init_array_end__ = .
                0x080001a0                __fini_array_base__ = .
 *(.fini_array)
 *(SORT_BY_NAME(.fini_array.*))
                0x080001a0                __fini_array_end__ = .

.text           0x080001a0     0x7804
                0x080001a0                __text_base__ = .
 *(.text)
 .text          0x080001a0       0xd8 ./build/obj/crt0_v7m.o
                0x080001a0                _crt0_entry
 .text          0x08000278        0x8 ./build/obj/vectors.o
                0x08000278                Reset_Handler
                0x0800027a                VectorE8
                0x0800027a                Vector9C
                0x0800027a                VectorAC
                0x0800027a                DebugMon_Handler
                0x0800027a                Vector5C
                0x0800027a                Vector11C
                0x0800027a                HardFault_Handler
                0x0800027a                Vector19C
                0x0800027a                Vector8C
                0x0800027a                SysTick_Handler
                0x0800027a                VectorDC
                0x0800027a                PendSV_Handler
                0x0800027a                Vector168
                0x0800027a                NMI_Handler
                0x0800027a                Vector110
                0x0800027a                Vector120
                0x0800027a                VectorC8
                0x0800027a                Vector94
                0x0800027a                VectorA8
                0x0800027a                VectorB4
                0x0800027a                Vector74
                0x0800027a                Vector160
                0x0800027a                UsageFault_Handler
                0x0800027a                VectorEC
                0x0800027a                Vector40
                0x0800027a                VectorF8
                0x0800027a                Vector108
                0x0800027a                VectorBC
                0x0800027a                Vector190
                0x0800027a                Vector150
                0x0800027a                Vector124
                0x0800027a                Vector148
                0x0800027a                Vector188
                0x0800027a                Vector198
                0x0800027a                Vector118
                0x0800027a                Vector64
                0x0800027a                Vector58
                0x0800027a                VectorCC
                0x0800027a                Vector54
                0x0800027a                Vector98
                0x0800027a                Vector138
                0x0800027a                Vector24
                0x0800027a                Vector178
                0x0800027a                Vector84
                0x0800027a                VectorD0
                0x0800027a                Vector140
                0x0800027a                VectorE4
                0x0800027a                VectorC0
                0x0800027a                Vector158
                0x0800027a                Vector130
                0x0800027a                Vector134
                0x0800027a                VectorF0
                0x0800027a                Vector12C
                0x0800027a                Vector13C
                0x0800027a                Vector100
                0x0800027a                VectorE0
                0x0800027a                VectorF4
                0x0800027a                MemManage_Handler
                0x0800027a                Vector6C
                0x0800027a                VectorA0
                0x0800027a                VectorC4
                0x0800027a                Vector7C
                0x0800027a                Vector180
                0x0800027a                Vector90
                0x0800027a                Vector114
                0x0800027a                Vector164
                0x0800027a                Vector60
                0x0800027a                Vector1C
                0x0800027a                Vector17C
                0x0800027a                Vector48
                0x0800027a                Vector16C
                0x0800027a                Vector70
                0x0800027a                VectorD4
                0x0800027a                Vector4C
                0x0800027a                Vector144
                0x0800027a                Vector80
                0x0800027a                Vector15C
                0x0800027a                Vector68
                0x0800027a                Vector78
                0x0800027a                Vector18C
                0x0800027a                Vector170
                0x0800027a                Vector88
                0x0800027a                Vector104
                0x0800027a                Vector184
                0x0800027a                Vector10C
                0x0800027a                Vector14C
                0x0800027a                BusFault_Handler
                0x0800027a                Vector50
                0x0800027a                Vector194
                0x0800027a                Vector154
                0x0800027a                Vector44
                0x0800027a                Vector28
                0x0800027a                VectorB8
                0x0800027a                VectorFC
                0x0800027a                Vector34
                0x0800027a                Vector128
                0x0800027a                VectorA4
                0x0800027a                Vector20
                0x0800027a                Vector174
                0x0800027e                _unhandled_exception
 .text          0x08000280       0x2a ./build/obj/chcoreasm_v7m.o
                0x08000280                _port_switch
                0x08000290                _port_thread_start
                0x080002a2                _port_switch_from_isr
                0x080002a6                _port_exit_from_isr
 *fill*         0x080002aa        0x2 
 .text          0x080002ac       0x30 c:/chibistudio/tools/gnu tools arm embedded/9.0 2019q4/bin/../lib/gcc/arm-none-eabi/9.2.1/thumb/v7e-m/nofp\libgcc.a(_aeabi_uldivmod.o)
                0x080002ac                __aeabi_uldivmod
 .text          0x080002dc      0x2c0 c:/chibistudio/tools/gnu tools arm embedded/9.0 2019q4/bin/../lib/gcc/arm-none-eabi/9.2.1/thumb/v7e-m/nofp\libgcc.a(_udivmoddi4.o)
                0x080002dc                __udivmoddi4
 .text          0x0800059c        0x4 c:/chibistudio/tools/gnu tools arm embedded/9.0 2019q4/bin/../lib/gcc/arm-none-eabi/9.2.1/thumb/v7e-m/nofp\libgcc.a(_dvmd_tls.o)
                0x0800059c                __aeabi_idiv0
                0x0800059c                __aeabi_ldiv0
 .text          0x080005a0      0x134 c:/chibistudio/tools/gnu tools arm embedded/9.0 2019q4/bin/../lib/gcc/arm-none-eabi/9.2.1/../../../../arm-none-eabi/lib/thumb/v7e-m/nofp\libg.a(lib_a-memcpy.o)
                0x080005a0                memcpy
 *(.text.*)
 *fill*         0x080006d4        0xc 
 .text.__core_init
                0x080006e0        0x4 C:\Users\ecemi\AppData\Local\Temp\ch.elf.pjFBcN.ltrans0.ltrans.o
                0x080006e0                __core_init
 *fill*         0x080006e4        0xc 
 .text.__late_init
                0x080006f0        0x4 C:\Users\ecemi\AppData\Local\Temp\ch.elf.pjFBcN.ltrans0.ltrans.o
                0x080006f0                __late_init
 *fill*         0x080006f4        0xc 
 .text.__default_exit
                0x08000700        0x4 C:\Users\ecemi\AppData\Local\Temp\ch.elf.pjFBcN.ltrans0.ltrans.o
                0x08000700                __default_exit
 *fill*         0x08000704        0xc 
 .text.__init_ram_areas
                0x08000710       0x64 C:\Users\ecemi\AppData\Local\Temp\ch.elf.pjFBcN.ltrans0.ltrans.o
                0x08000710                __init_ram_areas
 *fill*         0x08000774        0xc 
 .text.osalInit
                0x08000780        0x4 C:\Users\ecemi\AppData\Local\Temp\ch.elf.pjFBcN.ltrans0.ltrans.o
 *fill*         0x08000784        0xc 
 .text.halInit  0x08000790       0x20 C:\Users\ecemi\AppData\Local\Temp\ch.elf.pjFBcN.ltrans0.ltrans.o
 .text.st_lld_get_counter
                0x080007b0        0xc C:\Users\ecemi\AppData\Local\Temp\ch.elf.pjFBcN.ltrans0.ltrans.o
 *fill*         0x080007bc        0x4 
 .text.st_lld_start_alarm
                0x080007c0       0x20 C:\Users\ecemi\AppData\Local\Temp\ch.elf.pjFBcN.ltrans0.ltrans.o
 .text.st_lld_stop_alarm
                0x080007e0        0xc C:\Users\ecemi\AppData\Local\Temp\ch.elf.pjFBcN.ltrans0.ltrans.o
 *fill*         0x080007ec        0x4 
 .text.st_lld_set_alarm
                0x080007f0       0x10 C:\Users\ecemi\AppData\Local\Temp\ch.elf.pjFBcN.ltrans0.ltrans.o
 .text.stInit   0x08000800        0x8 C:\Users\ecemi\AppData\Local\Temp\ch.elf.pjFBcN.ltrans0.ltrans.o
 *fill*         0x08000808        0x8 
 .text.stStartAlarm
                0x08000810       0x14 C:\Users\ecemi\AppData\Local\Temp\ch.elf.pjFBcN.ltrans0.ltrans.o
 *fill*         0x08000824        0xc 
 .text.stStopAlarm
                0x08000830        0x8 C:\Users\ecemi\AppData\Local\Temp\ch.elf.pjFBcN.ltrans0.ltrans.o
 *fill*         0x08000838        0x8 
 .text.stSetAlarm
                0x08000840       0x14 C:\Users\ecemi\AppData\Local\Temp\ch.elf.pjFBcN.ltrans0.ltrans.o
 *fill*         0x08000854        0xc 
 .text.stGetCounter
                0x08000860        0xc C:\Users\ecemi\AppData\Local\Temp\ch.elf.pjFBcN.ltrans0.ltrans.o
 *fill*         0x0800086c        0x4 
 .text.queue_init.lto_priv.1
                0x08000870       0x14 C:\Users\ecemi\AppData\Local\Temp\ch.elf.pjFBcN.ltrans0.ltrans.o
 *fill*         0x08000884        0xc 
 .text.chSysLock.lto_priv.1
                0x08000890       0x10 C:\Users\ecemi\AppData\Local\Temp\ch.elf.pjFBcN.ltrans0.ltrans.o
 .text.chSysUnlock.lto_priv.1
                0x080008a0       0x10 C:\Users\ecemi\AppData\Local\Temp\ch.elf.pjFBcN.ltrans0.ltrans.o
 .text.chThdQueueObjectInit.lto_priv.1
                0x080008b0       0x14 C:\Users\ecemi\AppData\Local\Temp\ch.elf.pjFBcN.ltrans0.ltrans.o
 *fill*         0x080008c4        0xc 
 .text.osalSysLock.lto_priv.1
                0x080008d0        0x8 C:\Users\ecemi\AppData\Local\Temp\ch.elf.pjFBcN.ltrans0.ltrans.o
 *fill*         0x080008d8        0x8 
 .text.osalSysUnlock.lto_priv.1
                0x080008e0        0x8 C:\Users\ecemi\AppData\Local\Temp\ch.elf.pjFBcN.ltrans0.ltrans.o
 *fill*         0x080008e8        0x8 
 .text.osalThreadQueueObjectInit.lto_priv.1
                0x080008f0       0x14 C:\Users\ecemi\AppData\Local\Temp\ch.elf.pjFBcN.ltrans0.ltrans.o
 *fill*         0x08000904        0xc 
 .text.osalThreadEnqueueTimeoutS.lto_priv.1
                0x08000910       0x1c C:\Users\ecemi\AppData\Local\Temp\ch.elf.pjFBcN.ltrans0.ltrans.o
 *fill*         0x0800092c        0x4 
 .text.osalThreadDequeueNextI.lto_priv.1
                0x08000930       0x18 C:\Users\ecemi\AppData\Local\Temp\ch.elf.pjFBcN.ltrans0.ltrans.o
 *fill*         0x08000948        0x8 
 .text.iq_read  0x08000950       0xb8 C:\Users\ecemi\AppData\Local\Temp\ch.elf.pjFBcN.ltrans0.ltrans.o
 *fill*         0x08000a08        0x8 
 .text.oq_write
                0x08000a10       0xb8 C:\Users\ecemi\AppData\Local\Temp\ch.elf.pjFBcN.ltrans0.ltrans.o
 *fill*         0x08000ac8        0x8 
 .text.iqObjectInit
                0x08000ad0       0x48 C:\Users\ecemi\AppData\Local\Temp\ch.elf.pjFBcN.ltrans0.ltrans.o
 *fill*         0x08000b18        0x8 
 .text.iqPutI   0x08000b20       0x80 C:\Users\ecemi\AppData\Local\Temp\ch.elf.pjFBcN.ltrans0.ltrans.o
 .text.iqGetTimeout
                0x08000ba0       0x80 C:\Users\ecemi\AppData\Local\Temp\ch.elf.pjFBcN.ltrans0.ltrans.o
 .text.iqReadTimeout
                0x08000c20       0x80 C:\Users\ecemi\AppData\Local\Temp\ch.elf.pjFBcN.ltrans0.ltrans.o
 .text.oqObjectInit
                0x08000ca0       0x48 C:\Users\ecemi\AppData\Local\Temp\ch.elf.pjFBcN.ltrans0.ltrans.o
 *fill*         0x08000ce8        0x8 
 .text.oqPutTimeout
                0x08000cf0       0x84 C:\Users\ecemi\AppData\Local\Temp\ch.elf.pjFBcN.ltrans0.ltrans.o
 *fill*         0x08000d74        0xc 
 .text.oqGetI   0x08000d80       0x7c C:\Users\ecemi\AppData\Local\Temp\ch.elf.pjFBcN.ltrans0.ltrans.o
 *fill*         0x08000dfc        0x4 
 .text.oqWriteTimeout
                0x08000e00       0x80 C:\Users\ecemi\AppData\Local\Temp\ch.elf.pjFBcN.ltrans0.ltrans.o
 .text.osalThreadSleep.lto_priv.0
                0x08000e80       0x14 C:\Users\ecemi\AppData\Local\Temp\ch.elf.pjFBcN.ltrans0.ltrans.o
 *fill*         0x08000e94        0xc 
 .text.flashWaitErase
                0x08000ea0       0xcc C:\Users\ecemi\AppData\Local\Temp\ch.elf.pjFBcN.ltrans0.ltrans.o
 *fill*         0x08000f6c        0x4 
 .text.flashGetSectorOffset
                0x08000f70       0x44 C:\Users\ecemi\AppData\Local\Temp\ch.elf.pjFBcN.ltrans0.ltrans.o
 *fill*         0x08000fb4        0xc 
 .text.chSysLock.lto_priv.2
                0x08000fc0       0x10 C:\Users\ecemi\AppData\Local\Temp\ch.elf.pjFBcN.ltrans0.ltrans.o
 .text.chSysUnlock.lto_priv.2
                0x08000fd0       0x10 C:\Users\ecemi\AppData\Local\Temp\ch.elf.pjFBcN.ltrans0.ltrans.o
 .text.osalSysLock.lto_priv.2
                0x08000fe0        0x8 C:\Users\ecemi\AppData\Local\Temp\ch.elf.pjFBcN.ltrans0.ltrans.o
 *fill*         0x08000fe8        0x8 
 .text.osalSysUnlock.lto_priv.2
                0x08000ff0        0x8 C:\Users\ecemi\AppData\Local\Temp\ch.elf.pjFBcN.ltrans0.ltrans.o
 *fill*         0x08000ff8        0x8 
 .text.eflInit  0x08001000        0x8 C:\Users\ecemi\AppData\Local\Temp\ch.elf.pjFBcN.ltrans0.ltrans.o
 *fill*         0x08001008        0x8 
 .text.eflObjectInit
                0x08001010       0x18 C:\Users\ecemi\AppData\Local\Temp\ch.elf.pjFBcN.ltrans0.ltrans.o
 *fill*         0x08001028        0x8 
 .text.eflStart
                0x08001030       0x28 C:\Users\ecemi\AppData\Local\Temp\ch.elf.pjFBcN.ltrans0.ltrans.o
 *fill*         0x08001058        0x8 
 .text.chSysLock.lto_priv.3
                0x08001060       0x10 C:\Users\ecemi\AppData\Local\Temp\ch.elf.pjFBcN.ltrans0.ltrans.o
 .text.chSysUnlock.lto_priv.3
                0x08001070       0x10 C:\Users\ecemi\AppData\Local\Temp\ch.elf.pjFBcN.ltrans0.ltrans.o
 .text.chEvtObjectInit.lto_priv.0
                0x08001080       0x10 C:\Users\ecemi\AppData\Local\Temp\ch.elf.pjFBcN.ltrans0.ltrans.o
 .text.osalSysLock.lto_priv.3
                0x08001090        0x8 C:\Users\ecemi\AppData\Local\Temp\ch.elf.pjFBcN.ltrans0.ltrans.o
 *fill*         0x08001098        0x8 
 .text.osalSysUnlock.lto_priv.3
                0x080010a0        0x8 C:\Users\ecemi\AppData\Local\Temp\ch.elf.pjFBcN.ltrans0.ltrans.o
 *fill*         0x080010a8        0x8 
 .text.osalEventObjectInit
                0x080010b0       0x14 C:\Users\ecemi\AppData\Local\Temp\ch.elf.pjFBcN.ltrans0.ltrans.o
 *fill*         0x080010c4        0xc 
 .text.osalEventBroadcastFlagsI.lto_priv.0
                0x080010d0       0x18 C:\Users\ecemi\AppData\Local\Temp\ch.elf.pjFBcN.ltrans0.ltrans.o
 *fill*         0x080010e8        0x8 
 .text._write   0x080010f0       0x28 C:\Users\ecemi\AppData\Local\Temp\ch.elf.pjFBcN.ltrans0.ltrans.o
 *fill*         0x08001118        0x8 
 .text._read    0x08001120       0x28 C:\Users\ecemi\AppData\Local\Temp\ch.elf.pjFBcN.ltrans0.ltrans.o
 *fill*         0x08001148        0x8 
 .text._put.lto_priv.0
                0x08001150       0x28 C:\Users\ecemi\AppData\Local\Temp\ch.elf.pjFBcN.ltrans0.ltrans.o
 *fill*         0x08001178        0x8 
 .text._get.lto_priv.0
                0x08001180       0x20 C:\Users\ecemi\AppData\Local\Temp\ch.elf.pjFBcN.ltrans0.ltrans.o
 .text._putt    0x080011a0       0x28 C:\Users\ecemi\AppData\Local\Temp\ch.elf.pjFBcN.ltrans0.ltrans.o
 *fill*         0x080011c8        0x8 
 .text._gett    0x080011d0       0x20 C:\Users\ecemi\AppData\Local\Temp\ch.elf.pjFBcN.ltrans0.ltrans.o
 .text._writet  0x080011f0       0x28 C:\Users\ecemi\AppData\Local\Temp\ch.elf.pjFBcN.ltrans0.ltrans.o
 *fill*         0x08001218        0x8 
 .text._readt   0x08001220       0x28 C:\Users\ecemi\AppData\Local\Temp\ch.elf.pjFBcN.ltrans0.ltrans.o
 *fill*         0x08001248        0x8 
 .text._ctl     0x08001250       0x20 C:\Users\ecemi\AppData\Local\Temp\ch.elf.pjFBcN.ltrans0.ltrans.o
 .text.sdInit   0x08001270        0x8 C:\Users\ecemi\AppData\Local\Temp\ch.elf.pjFBcN.ltrans0.ltrans.o
 *fill*         0x08001278        0x8 
 .text.sdObjectInit
                0x08001280       0x28 C:\Users\ecemi\AppData\Local\Temp\ch.elf.pjFBcN.ltrans0.ltrans.o
 *fill*         0x080012a8        0x8 
 .text.sdStart  0x080012b0       0x24 C:\Users\ecemi\AppData\Local\Temp\ch.elf.pjFBcN.ltrans0.ltrans.o
 *fill*         0x080012d4        0xc 
 .text.sdIncomingDataI
                0x080012e0       0x4c C:\Users\ecemi\AppData\Local\Temp\ch.elf.pjFBcN.ltrans0.ltrans.o
 *fill*         0x0800132c        0x4 
 .text.nvicEnableVector
                0x08001330       0x54 C:\Users\ecemi\AppData\Local\Temp\ch.elf.pjFBcN.ltrans0.ltrans.o
 *fill*         0x08001384        0xc 
 .text.exti0_irq_init
                0x08001390        0x4 C:\Users\ecemi\AppData\Local\Temp\ch.elf.pjFBcN.ltrans0.ltrans.o
 *fill*         0x08001394        0xc 
 .text.exti1_irq_init
                0x080013a0        0x4 C:\Users\ecemi\AppData\Local\Temp\ch.elf.pjFBcN.ltrans0.ltrans.o
 *fill*         0x080013a4        0xc 
 .text.exti2_irq_init
                0x080013b0        0x4 C:\Users\ecemi\AppData\Local\Temp\ch.elf.pjFBcN.ltrans0.ltrans.o
 *fill*         0x080013b4        0xc 
 .text.exti3_irq_init
                0x080013c0        0x4 C:\Users\ecemi\AppData\Local\Temp\ch.elf.pjFBcN.ltrans0.ltrans.o
 *fill*         0x080013c4        0xc 
 .text.exti4_irq_init
                0x080013d0        0x4 C:\Users\ecemi\AppData\Local\Temp\ch.elf.pjFBcN.ltrans0.ltrans.o
 *fill*         0x080013d4        0xc 
 .text.exti5_9_irq_init
                0x080013e0        0x4 C:\Users\ecemi\AppData\Local\Temp\ch.elf.pjFBcN.ltrans0.ltrans.o
 *fill*         0x080013e4        0xc 
 .text.exti10_15_irq_init
                0x080013f0        0x4 C:\Users\ecemi\AppData\Local\Temp\ch.elf.pjFBcN.ltrans0.ltrans.o
 *fill*         0x080013f4        0xc 
 .text.exti16_exti35_38_irq_init
                0x08001400        0x4 C:\Users\ecemi\AppData\Local\Temp\ch.elf.pjFBcN.ltrans0.ltrans.o
 *fill*         0x08001404        0xc 
 .text.exti18_irq_init
                0x08001410        0x4 C:\Users\ecemi\AppData\Local\Temp\ch.elf.pjFBcN.ltrans0.ltrans.o
 *fill*         0x08001414        0xc 
 .text.exti19_irq_init
                0x08001420        0x4 C:\Users\ecemi\AppData\Local\Temp\ch.elf.pjFBcN.ltrans0.ltrans.o
 *fill*         0x08001424        0xc 
 .text.exti21_22_irq_init
                0x08001430        0x4 C:\Users\ecemi\AppData\Local\Temp\ch.elf.pjFBcN.ltrans0.ltrans.o
 *fill*         0x08001434        0xc 
 .text.usart1_irq_init
                0x08001440        0x4 C:\Users\ecemi\AppData\Local\Temp\ch.elf.pjFBcN.ltrans0.ltrans.o
 *fill*         0x08001444        0xc 
 .text.usart2_irq_init
                0x08001450        0xc C:\Users\ecemi\AppData\Local\Temp\ch.elf.pjFBcN.ltrans0.ltrans.o
 *fill*         0x0800145c        0x4 
 .text.VectorD8
                0x08001460       0x14 C:\Users\ecemi\AppData\Local\Temp\ch.elf.pjFBcN.ltrans0.ltrans.o
                0x08001460                VectorD8
 *fill*         0x08001474        0xc 
 .text.usart3_irq_init
                0x08001480        0x4 C:\Users\ecemi\AppData\Local\Temp\ch.elf.pjFBcN.ltrans0.ltrans.o
 *fill*         0x08001484        0xc 
 .text.uart4_irq_init
                0x08001490        0x4 C:\Users\ecemi\AppData\Local\Temp\ch.elf.pjFBcN.ltrans0.ltrans.o
 *fill*         0x08001494        0xc 
 .text.uart5_irq_init
                0x080014a0        0x4 C:\Users\ecemi\AppData\Local\Temp\ch.elf.pjFBcN.ltrans0.ltrans.o
 *fill*         0x080014a4        0xc 
 .text.lpuart1_irq_init
                0x080014b0        0x4 C:\Users\ecemi\AppData\Local\Temp\ch.elf.pjFBcN.ltrans0.ltrans.o
 *fill*         0x080014b4        0xc 
 .text.tim1_tim15_tim16_tim17_irq_init
                0x080014c0        0x4 C:\Users\ecemi\AppData\Local\Temp\ch.elf.pjFBcN.ltrans0.ltrans.o
 *fill*         0x080014c4        0xc 
 .text.tim2_irq_init
                0x080014d0        0xc C:\Users\ecemi\AppData\Local\Temp\ch.elf.pjFBcN.ltrans0.ltrans.o
 *fill*         0x080014dc        0x4 
 .text.VectorB0
                0x080014e0        0xc C:\Users\ecemi\AppData\Local\Temp\ch.elf.pjFBcN.ltrans0.ltrans.o
                0x080014e0                VectorB0
 *fill*         0x080014ec        0x4 
 .text.tim3_irq_init
                0x080014f0        0x4 C:\Users\ecemi\AppData\Local\Temp\ch.elf.pjFBcN.ltrans0.ltrans.o
 *fill*         0x080014f4        0xc 
 .text.tim4_irq_init
                0x08001500        0x4 C:\Users\ecemi\AppData\Local\Temp\ch.elf.pjFBcN.ltrans0.ltrans.o
 *fill*         0x08001504        0xc 
 .text.tim5_irq_init
                0x08001510        0x4 C:\Users\ecemi\AppData\Local\Temp\ch.elf.pjFBcN.ltrans0.ltrans.o
 *fill*         0x08001514        0xc 
 .text.tim6_irq_init
                0x08001520        0x4 C:\Users\ecemi\AppData\Local\Temp\ch.elf.pjFBcN.ltrans0.ltrans.o
 *fill*         0x08001524        0xc 
 .text.tim7_irq_init
                0x08001530        0x4 C:\Users\ecemi\AppData\Local\Temp\ch.elf.pjFBcN.ltrans0.ltrans.o
 *fill*         0x08001534        0xc 
 .text.tim8_irq_init
                0x08001540        0x4 C:\Users\ecemi\AppData\Local\Temp\ch.elf.pjFBcN.ltrans0.ltrans.o
 *fill*         0x08001544        0xc 
 .text.irqInit  0x08001550       0x68 C:\Users\ecemi\AppData\Local\Temp\ch.elf.pjFBcN.ltrans0.ltrans.o
 *fill*         0x080015b8        0x8 
 .text.hal_lld_backup_domain_init
                0x080015c0       0x6c C:\Users\ecemi\AppData\Local\Temp\ch.elf.pjFBcN.ltrans0.ltrans.o
 *fill*         0x0800162c        0x4 
 .text.hal_lld_init
                0x08001630       0xe0 C:\Users\ecemi\AppData\Local\Temp\ch.elf.pjFBcN.ltrans0.ltrans.o
 .text.stm32_clock_init
                0x08001710      0x1a0 C:\Users\ecemi\AppData\Local\Temp\ch.elf.pjFBcN.ltrans0.ltrans.o
 .text.stm32_flash_unlock
                0x080018b0       0x30 C:\Users\ecemi\AppData\Local\Temp\ch.elf.pjFBcN.ltrans0.ltrans.o
 .text.stm32_flash_enable_pgm
                0x080018e0       0x18 C:\Users\ecemi\AppData\Local\Temp\ch.elf.pjFBcN.ltrans0.ltrans.o
 *fill*         0x080018f8        0x8 
 .text.stm32_flash_disable_pgm
                0x08001900       0x18 C:\Users\ecemi\AppData\Local\Temp\ch.elf.pjFBcN.ltrans0.ltrans.o
 *fill*         0x08001918        0x8 
 .text.stm32_flash_clear_status
                0x08001920       0x14 C:\Users\ecemi\AppData\Local\Temp\ch.elf.pjFBcN.ltrans0.ltrans.o
 *fill*         0x08001934        0xc 
 .text.stm32_flash_wait_busy
                0x08001940       0x18 C:\Users\ecemi\AppData\Local\Temp\ch.elf.pjFBcN.ltrans0.ltrans.o
 *fill*         0x08001958        0x8 
 .text.stm32_flash_check_errors
                0x08001960       0x48 C:\Users\ecemi\AppData\Local\Temp\ch.elf.pjFBcN.ltrans0.ltrans.o
 *fill*         0x080019a8        0x8 
 .text.efl_lld_init
                0x080019b0       0x18 C:\Users\ecemi\AppData\Local\Temp\ch.elf.pjFBcN.ltrans0.ltrans.o
 *fill*         0x080019c8        0x8 
 .text.efl_lld_start
                0x080019d0       0x1c C:\Users\ecemi\AppData\Local\Temp\ch.elf.pjFBcN.ltrans0.ltrans.o
 *fill*         0x080019ec        0x4 
 .text.efl_lld_get_descriptor
                0x080019f0       0x10 C:\Users\ecemi\AppData\Local\Temp\ch.elf.pjFBcN.ltrans0.ltrans.o
 .text.efl_lld_read
                0x08001a00       0x68 C:\Users\ecemi\AppData\Local\Temp\ch.elf.pjFBcN.ltrans0.ltrans.o
 *fill*         0x08001a68        0x8 
 .text.efl_lld_program
                0x08001a70       0xe4 C:\Users\ecemi\AppData\Local\Temp\ch.elf.pjFBcN.ltrans0.ltrans.o
 *fill*         0x08001b54        0xc 
 .text.efl_lld_start_erase_all
                0x08001b60       0x4c C:\Users\ecemi\AppData\Local\Temp\ch.elf.pjFBcN.ltrans0.ltrans.o
 *fill*         0x08001bac        0x4 
 .text.efl_lld_start_erase_sector
                0x08001bb0       0x98 C:\Users\ecemi\AppData\Local\Temp\ch.elf.pjFBcN.ltrans0.ltrans.o
 *fill*         0x08001c48        0x8 
 .text.efl_lld_query_erase
                0x08001c50       0x70 C:\Users\ecemi\AppData\Local\Temp\ch.elf.pjFBcN.ltrans0.ltrans.o
 .text.efl_lld_verify_erase
                0x08001cc0       0x74 C:\Users\ecemi\AppData\Local\Temp\ch.elf.pjFBcN.ltrans0.ltrans.o
 *fill*         0x08001d34        0xc 
 .text._pal_lld_init
                0x08001d40        0x4 C:\Users\ecemi\AppData\Local\Temp\ch.elf.pjFBcN.ltrans0.ltrans.o
 *fill*         0x08001d44        0xc 
 .text.chSysLockFromISR.lto_priv.0
                0x08001d50       0x10 C:\Users\ecemi\AppData\Local\Temp\ch.elf.pjFBcN.ltrans0.ltrans.o
 .text.chSysUnlockFromISR.lto_priv.0
                0x08001d60       0x10 C:\Users\ecemi\AppData\Local\Temp\ch.elf.pjFBcN.ltrans0.ltrans.o
 .text.osalSysLockFromISR.lto_priv.0
                0x08001d70        0x8 C:\Users\ecemi\AppData\Local\Temp\ch.elf.pjFBcN.ltrans0.ltrans.o
 *fill*         0x08001d78        0x8 
 .text.osalSysUnlockFromISR.lto_priv.0
                0x08001d80        0x8 C:\Users\ecemi\AppData\Local\Temp\ch.elf.pjFBcN.ltrans0.ltrans.o
 *fill*         0x08001d88        0x8 
 .text.osalOsTimerHandlerI
                0x08001d90        0x8 C:\Users\ecemi\AppData\Local\Temp\ch.elf.pjFBcN.ltrans0.ltrans.o
 *fill*         0x08001d98        0x8 
 .text.st_lld_init
                0x08001da0       0x78 C:\Users\ecemi\AppData\Local\Temp\ch.elf.pjFBcN.ltrans0.ltrans.o
 *fill*         0x08001e18        0x8 
 .text.st_lld_serve_interrupt
                0x08001e20       0x40 C:\Users\ecemi\AppData\Local\Temp\ch.elf.pjFBcN.ltrans0.ltrans.o
 .text.chSysLockFromISR.lto_priv.1
                0x08001e60       0x10 C:\Users\ecemi\AppData\Local\Temp\ch.elf.pjFBcN.ltrans0.ltrans.o
 .text.chSysUnlockFromISR.lto_priv.1
                0x08001e70       0x10 C:\Users\ecemi\AppData\Local\Temp\ch.elf.pjFBcN.ltrans0.ltrans.o
 .text.osalSysLockFromISR.lto_priv.1
                0x08001e80        0x8 C:\Users\ecemi\AppData\Local\Temp\ch.elf.pjFBcN.ltrans0.ltrans.o
 *fill*         0x08001e88        0x8 
 .text.osalSysUnlockFromISR.lto_priv.1
                0x08001e90        0x8 C:\Users\ecemi\AppData\Local\Temp\ch.elf.pjFBcN.ltrans0.ltrans.o
 *fill*         0x08001e98        0x8 
 .text.osalEventBroadcastFlagsI.lto_priv.1
                0x08001ea0       0x18 C:\Users\ecemi\AppData\Local\Temp\ch.elf.pjFBcN.ltrans0.ltrans.o
 *fill*         0x08001eb8        0x8 
 .text.usart_init
                0x08001ec0       0xb8 C:\Users\ecemi\AppData\Local\Temp\ch.elf.pjFBcN.ltrans0.ltrans.o
 *fill*         0x08001f78        0x8 
 .text.set_error
                0x08001f80       0x70 C:\Users\ecemi\AppData\Local\Temp\ch.elf.pjFBcN.ltrans0.ltrans.o
 .text.notify2  0x08001ff0       0x18 C:\Users\ecemi\AppData\Local\Temp\ch.elf.pjFBcN.ltrans0.ltrans.o
 *fill*         0x08002008        0x8 
 .text.sd_lld_init
                0x08002010       0x5c C:\Users\ecemi\AppData\Local\Temp\ch.elf.pjFBcN.ltrans0.ltrans.o
 *fill*         0x0800206c        0x4 
 .text.sd_lld_start
                0x08002070       0x58 C:\Users\ecemi\AppData\Local\Temp\ch.elf.pjFBcN.ltrans0.ltrans.o
 *fill*         0x080020c8        0x8 
 .text.sd_lld_serve_interrupt
                0x080020d0      0x13c C:\Users\ecemi\AppData\Local\Temp\ch.elf.pjFBcN.ltrans0.ltrans.o
 *fill*         0x0800220c        0x4 
 .text.gpio_init
                0x08002210       0x54 C:\Users\ecemi\AppData\Local\Temp\ch.elf.pjFBcN.ltrans0.ltrans.o
 *fill*         0x08002264        0xc 
 .text.stm32_gpio_init
                0x08002270       0xc0 C:\Users\ecemi\AppData\Local\Temp\ch.elf.pjFBcN.ltrans0.ltrans.o
 .text.__early_init
                0x08002330        0xc C:\Users\ecemi\AppData\Local\Temp\ch.elf.pjFBcN.ltrans0.ltrans.o
                0x08002330                __early_init
 *fill*         0x0800233c        0x4 
 .text.boardInit
                0x08002340        0x4 C:\Users\ecemi\AppData\Local\Temp\ch.elf.pjFBcN.ltrans0.ltrans.o
 *fill*         0x08002344        0xc 
 .text.chTimeAddX.lto_priv.0
                0x08002350       0x14 C:\Users\ecemi\AppData\Local\Temp\ch.elf.pjFBcN.ltrans0.ltrans.o
 *fill*         0x08002364        0xc 
 .text.chTimeDiffX.lto_priv.0
                0x08002370       0x14 C:\Users\ecemi\AppData\Local\Temp\ch.elf.pjFBcN.ltrans0.ltrans.o
 *fill*         0x08002384        0xc 
 .text.port_timer_stop_alarm.lto_priv.0
                0x08002390        0x8 C:\Users\ecemi\AppData\Local\Temp\ch.elf.pjFBcN.ltrans0.ltrans.o
 *fill*         0x08002398        0x8 
 .text.port_timer_set_alarm.lto_priv.0
                0x080023a0       0x14 C:\Users\ecemi\AppData\Local\Temp\ch.elf.pjFBcN.ltrans0.ltrans.o
 *fill*         0x080023b4        0xc 
 .text.port_timer_get_time.lto_priv.0
                0x080023c0        0xc C:\Users\ecemi\AppData\Local\Temp\ch.elf.pjFBcN.ltrans0.ltrans.o
 *fill*         0x080023cc        0x4 
 .text.chSysEnable.lto_priv.0
                0x080023d0       0x14 C:\Users\ecemi\AppData\Local\Temp\ch.elf.pjFBcN.ltrans0.ltrans.o
 *fill*         0x080023e4        0xc 
 .text.chSysLockFromISR.lto_priv.2
                0x080023f0       0x10 C:\Users\ecemi\AppData\Local\Temp\ch.elf.pjFBcN.ltrans0.ltrans.o
 .text.chSysUnlockFromISR.lto_priv.2
                0x08002400       0x10 C:\Users\ecemi\AppData\Local\Temp\ch.elf.pjFBcN.ltrans0.ltrans.o
 .text.chVTGetSystemTimeX.lto_priv.0
                0x08002410        0xc C:\Users\ecemi\AppData\Local\Temp\ch.elf.pjFBcN.ltrans0.ltrans.o
 *fill*         0x0800241c        0x4 
 .text.chVTDoTickI
                0x08002420       0xf4 C:\Users\ecemi\AppData\Local\Temp\ch.elf.pjFBcN.ltrans0.ltrans.o
 *fill*         0x08002514        0xc 
 .text._oslib_init
                0x08002520       0x10 C:\Users\ecemi\AppData\Local\Temp\ch.elf.pjFBcN.ltrans0.ltrans.o
 .text._idle_thread
                0x08002530        0x8 C:\Users\ecemi\AppData\Local\Temp\ch.elf.pjFBcN.ltrans0.ltrans.o
 *fill*         0x08002538        0x8 
 .text.chSysInit
                0x08002540       0x54 C:\Users\ecemi\AppData\Local\Temp\ch.elf.pjFBcN.ltrans0.ltrans.o
 *fill*         0x08002594        0xc 
 .text.chSysTimerHandlerI
                0x080025a0        0x8 C:\Users\ecemi\AppData\Local\Temp\ch.elf.pjFBcN.ltrans0.ltrans.o
 *fill*         0x080025a8        0x8 
 .text.chTimeAddX.lto_priv.1
                0x080025b0       0x14 C:\Users\ecemi\AppData\Local\Temp\ch.elf.pjFBcN.ltrans0.ltrans.o
 *fill*         0x080025c4        0xc 
 .text.chTimeDiffX.lto_priv.1
                0x080025d0       0x14 C:\Users\ecemi\AppData\Local\Temp\ch.elf.pjFBcN.ltrans0.ltrans.o
 *fill*         0x080025e4        0xc 
 .text.port_timer_start_alarm
                0x080025f0       0x14 C:\Users\ecemi\AppData\Local\Temp\ch.elf.pjFBcN.ltrans0.ltrans.o
 *fill*         0x08002604        0xc 
 .text.port_timer_stop_alarm.lto_priv.1
                0x08002610        0x8 C:\Users\ecemi\AppData\Local\Temp\ch.elf.pjFBcN.ltrans0.ltrans.o
 *fill*         0x08002618        0x8 
 .text.port_timer_set_alarm.lto_priv.1
                0x08002620       0x14 C:\Users\ecemi\AppData\Local\Temp\ch.elf.pjFBcN.ltrans0.ltrans.o
 *fill*         0x08002634        0xc 
 .text.port_timer_get_time.lto_priv.1
                0x08002640        0xc C:\Users\ecemi\AppData\Local\Temp\ch.elf.pjFBcN.ltrans0.ltrans.o
 *fill*         0x0800264c        0x4 
 .text.chVTGetSystemTimeX.lto_priv.1
                0x08002650        0xc C:\Users\ecemi\AppData\Local\Temp\ch.elf.pjFBcN.ltrans0.ltrans.o
 *fill*         0x0800265c        0x4 
 .text._vt_init
                0x08002660       0x24 C:\Users\ecemi\AppData\Local\Temp\ch.elf.pjFBcN.ltrans0.ltrans.o
 *fill*         0x08002684        0xc 
 .text.chVTDoSetI
                0x08002690      0x130 C:\Users\ecemi\AppData\Local\Temp\ch.elf.pjFBcN.ltrans0.ltrans.o
 .text.chVTDoResetI
                0x080027c0       0xec C:\Users\ecemi\AppData\Local\Temp\ch.elf.pjFBcN.ltrans0.ltrans.o
 *fill*         0x080028ac        0x4 
 .text.queue_init.lto_priv.2
                0x080028b0       0x14 C:\Users\ecemi\AppData\Local\Temp\ch.elf.pjFBcN.ltrans0.ltrans.o
 *fill*         0x080028c4        0xc 
 .text.queue_fifo_remove.lto_priv.0
                0x080028d0       0x24 C:\Users\ecemi\AppData\Local\Temp\ch.elf.pjFBcN.ltrans0.ltrans.o
 *fill*         0x080028f4        0xc 
 .text.queue_dequeue.lto_priv.0
                0x08002900       0x20 C:\Users\ecemi\AppData\Local\Temp\ch.elf.pjFBcN.ltrans0.ltrans.o
 .text.chSysLockFromISR.lto_priv.3
                0x08002920       0x10 C:\Users\ecemi\AppData\Local\Temp\ch.elf.pjFBcN.ltrans0.ltrans.o
 .text.chSysUnlockFromISR.lto_priv.3
                0x08002930       0x10 C:\Users\ecemi\AppData\Local\Temp\ch.elf.pjFBcN.ltrans0.ltrans.o
 .text.chVTIsArmedI.lto_priv.0
                0x08002940       0x18 C:\Users\ecemi\AppData\Local\Temp\ch.elf.pjFBcN.ltrans0.ltrans.o
 *fill*         0x08002958        0x8 
 .text.chSemFastSignalI.lto_priv.0
                0x08002960       0x14 C:\Users\ecemi\AppData\Local\Temp\ch.elf.pjFBcN.ltrans0.ltrans.o
 *fill*         0x08002974        0xc 
 .text._scheduler_init
                0x08002980       0x20 C:\Users\ecemi\AppData\Local\Temp\ch.elf.pjFBcN.ltrans0.ltrans.o
 .text.chSchReadyI
                0x080029a0       0x4c C:\Users\ecemi\AppData\Local\Temp\ch.elf.pjFBcN.ltrans0.ltrans.o
 *fill*         0x080029ec        0x4 
 .text.chSchReadyAheadI
                0x080029f0       0x4c C:\Users\ecemi\AppData\Local\Temp\ch.elf.pjFBcN.ltrans0.ltrans.o
 *fill*         0x08002a3c        0x4 
 .text.chSchGoSleepS
                0x08002a40       0x48 C:\Users\ecemi\AppData\Local\Temp\ch.elf.pjFBcN.ltrans0.ltrans.o
 *fill*         0x08002a88        0x8 
 .text.wakeup   0x08002a90       0x78 C:\Users\ecemi\AppData\Local\Temp\ch.elf.pjFBcN.ltrans0.ltrans.o
 *fill*         0x08002b08        0x8 
 .text.chSchGoSleepTimeoutS
                0x08002b10       0x64 C:\Users\ecemi\AppData\Local\Temp\ch.elf.pjFBcN.ltrans0.ltrans.o
 *fill*         0x08002b74        0xc 
 .text.chSchWakeupS
                0x08002b80       0x50 C:\Users\ecemi\AppData\Local\Temp\ch.elf.pjFBcN.ltrans0.ltrans.o
 .text.chSchIsPreemptionRequired
                0x08002bd0       0x2c C:\Users\ecemi\AppData\Local\Temp\ch.elf.pjFBcN.ltrans0.ltrans.o
 *fill*         0x08002bfc        0x4 
 .text.chSchDoReschedule
                0x08002c00       0x40 C:\Users\ecemi\AppData\Local\Temp\ch.elf.pjFBcN.ltrans0.ltrans.o
                0x08002c00                chSchDoReschedule
 .text.list_init
                0x08002c40       0x10 C:\Users\ecemi\AppData\Local\Temp\ch.elf.pjFBcN.ltrans0.ltrans.o
 .text.list_notempty
                0x08002c50       0x1c C:\Users\ecemi\AppData\Local\Temp\ch.elf.pjFBcN.ltrans0.ltrans.o
 *fill*         0x08002c6c        0x4 
 .text.queue_init.lto_priv.3
                0x08002c70       0x14 C:\Users\ecemi\AppData\Local\Temp\ch.elf.pjFBcN.ltrans0.ltrans.o
 *fill*         0x08002c84        0xc 
 .text.queue_notempty.lto_priv.0
                0x08002c90       0x1c C:\Users\ecemi\AppData\Local\Temp\ch.elf.pjFBcN.ltrans0.ltrans.o
 *fill*         0x08002cac        0x4 
 .text.list_remove
                0x08002cb0       0x1c C:\Users\ecemi\AppData\Local\Temp\ch.elf.pjFBcN.ltrans0.ltrans.o
 *fill*         0x08002ccc        0x4 
 .text.queue_insert.lto_priv.0
                0x08002cd0       0x28 C:\Users\ecemi\AppData\Local\Temp\ch.elf.pjFBcN.ltrans0.ltrans.o
 *fill*         0x08002cf8        0x8 
 .text.queue_fifo_remove.lto_priv.1
                0x08002d00       0x24 C:\Users\ecemi\AppData\Local\Temp\ch.elf.pjFBcN.ltrans0.ltrans.o
 *fill*         0x08002d24        0xc 
 .text.chSysLock.lto_priv.5
                0x08002d30       0x10 C:\Users\ecemi\AppData\Local\Temp\ch.elf.pjFBcN.ltrans0.ltrans.o
 .text.chSysUnlock.lto_priv.5
                0x08002d40       0x10 C:\Users\ecemi\AppData\Local\Temp\ch.elf.pjFBcN.ltrans0.ltrans.o
 .text.chThdSleepS
                0x08002d50       0x14 C:\Users\ecemi\AppData\Local\Temp\ch.elf.pjFBcN.ltrans0.ltrans.o
 *fill*         0x08002d64        0xc 
 .text.chThdDoDequeueNextI
                0x08002d70       0x24 C:\Users\ecemi\AppData\Local\Temp\ch.elf.pjFBcN.ltrans0.ltrans.o
 *fill*         0x08002d94        0xc 
 .text._thread_init
                0x08002da0       0x80 C:\Users\ecemi\AppData\Local\Temp\ch.elf.pjFBcN.ltrans0.ltrans.o
 .text.chThdCreateSuspendedI
                0x08002e20       0x5c C:\Users\ecemi\AppData\Local\Temp\ch.elf.pjFBcN.ltrans0.ltrans.o
 *fill*         0x08002e7c        0x4 
 .text.chThdCreate
                0x08002e80       0x28 C:\Users\ecemi\AppData\Local\Temp\ch.elf.pjFBcN.ltrans0.ltrans.o
 *fill*         0x08002ea8        0x8 
 .text.chThdCreateStatic
                0x08002eb0       0x6c C:\Users\ecemi\AppData\Local\Temp\ch.elf.pjFBcN.ltrans0.ltrans.o
 *fill*         0x08002f1c        0x4 
 .text.chThdExit
                0x08002f20       0x18 C:\Users\ecemi\AppData\Local\Temp\ch.elf.pjFBcN.ltrans0.ltrans.o
                0x08002f20                chThdExit
 *fill*         0x08002f38        0x8 
 .text.chThdExitS
                0x08002f40       0x74 C:\Users\ecemi\AppData\Local\Temp\ch.elf.pjFBcN.ltrans0.ltrans.o
 *fill*         0x08002fb4        0xc 
 .text.chThdSleep
                0x08002fc0       0x1c C:\Users\ecemi\AppData\Local\Temp\ch.elf.pjFBcN.ltrans0.ltrans.o
 *fill*         0x08002fdc        0x4 
 .text.chThdEnqueueTimeoutS
                0x08002fe0       0x38 C:\Users\ecemi\AppData\Local\Temp\ch.elf.pjFBcN.ltrans0.ltrans.o
 *fill*         0x08003018        0x8 
 .text.chThdDequeueNextI
                0x08003020       0x24 C:\Users\ecemi\AppData\Local\Temp\ch.elf.pjFBcN.ltrans0.ltrans.o
 *fill*         0x08003044        0xc 
 .text.tm_stop  0x08003050       0x70 C:\Users\ecemi\AppData\Local\Temp\ch.elf.pjFBcN.ltrans0.ltrans.o
 .text._tm_init
                0x080030c0       0x44 C:\Users\ecemi\AppData\Local\Temp\ch.elf.pjFBcN.ltrans0.ltrans.o
 *fill*         0x08003104        0xc 
 .text.chTMObjectInit
                0x08003110       0x30 C:\Users\ecemi\AppData\Local\Temp\ch.elf.pjFBcN.ltrans0.ltrans.o
 .text.chTMStartMeasurementX
                0x08003140       0x14 C:\Users\ecemi\AppData\Local\Temp\ch.elf.pjFBcN.ltrans0.ltrans.o
 *fill*         0x08003154        0xc 
 .text.chTMStopMeasurementX
                0x08003160       0x24 C:\Users\ecemi\AppData\Local\Temp\ch.elf.pjFBcN.ltrans0.ltrans.o
 *fill*         0x08003184        0xc 
 .text.queue_init.lto_priv.5
                0x08003190       0x14 C:\Users\ecemi\AppData\Local\Temp\ch.elf.pjFBcN.ltrans0.ltrans.o
 *fill*         0x080031a4        0xc 
 .text.chMtxObjectInit
                0x080031b0       0x1c C:\Users\ecemi\AppData\Local\Temp\ch.elf.pjFBcN.ltrans0.ltrans.o
 *fill*         0x080031cc        0x4 
 .text.chEvtBroadcastFlagsI
                0x080031d0       0x54 C:\Users\ecemi\AppData\Local\Temp\ch.elf.pjFBcN.ltrans0.ltrans.o
 *fill*         0x08003224        0xc 
 .text.chEvtSignalI
                0x08003230       0x5c C:\Users\ecemi\AppData\Local\Temp\ch.elf.pjFBcN.ltrans0.ltrans.o
 *fill*         0x0800328c        0x4 
 .text.chSysLock.lto_priv.14
                0x08003290       0x10 C:\Users\ecemi\AppData\Local\Temp\ch.elf.pjFBcN.ltrans0.ltrans.o
 .text.chSysUnlock.lto_priv.14
                0x080032a0       0x10 C:\Users\ecemi\AppData\Local\Temp\ch.elf.pjFBcN.ltrans0.ltrans.o
 .text._core_init
                0x080032b0       0x1c C:\Users\ecemi\AppData\Local\Temp\ch.elf.pjFBcN.ltrans0.ltrans.o
 *fill*         0x080032cc        0x4 
 .text.chCoreAllocFromTopI
                0x080032d0       0x50 C:\Users\ecemi\AppData\Local\Temp\ch.elf.pjFBcN.ltrans0.ltrans.o
 .text.chCoreAllocFromTop
                0x08003320       0x28 C:\Users\ecemi\AppData\Local\Temp\ch.elf.pjFBcN.ltrans0.ltrans.o
 *fill*         0x08003348        0x8 
 .text._heap_init
                0x08003350       0x28 C:\Users\ecemi\AppData\Local\Temp\ch.elf.pjFBcN.ltrans0.ltrans.o
 *fill*         0x08003378        0x8 
 .text.chPoolObjectInitAligned
                0x08003380       0x28 C:\Users\ecemi\AppData\Local\Temp\ch.elf.pjFBcN.ltrans0.ltrans.o
 *fill*         0x080033a8        0x8 
 .text.chCoreAllocAlignedI
                0x080033b0       0x1c C:\Users\ecemi\AppData\Local\Temp\ch.elf.pjFBcN.ltrans0.ltrans.o
 *fill*         0x080033cc        0x4 
 .text.chPoolObjectInit.lto_priv.0
                0x080033d0       0x1c C:\Users\ecemi\AppData\Local\Temp\ch.elf.pjFBcN.ltrans0.ltrans.o
 *fill*         0x080033ec        0x4 
 .text.dyn_list_init
                0x080033f0       0x10 C:\Users\ecemi\AppData\Local\Temp\ch.elf.pjFBcN.ltrans0.ltrans.o
 .text._factory_init
                0x08003400       0x6c C:\Users\ecemi\AppData\Local\Temp\ch.elf.pjFBcN.ltrans0.ltrans.o
 *fill*         0x0800346c        0x4 
 .text.__NVIC_SetPriorityGrouping
                0x08003470       0x3c C:\Users\ecemi\AppData\Local\Temp\ch.elf.pjFBcN.ltrans0.ltrans.o
 *fill*         0x080034ac        0x4 
 .text.__NVIC_SetPriority
                0x080034b0       0x4c C:\Users\ecemi\AppData\Local\Temp\ch.elf.pjFBcN.ltrans0.ltrans.o
 *fill*         0x080034fc        0x4 
 .text.SVC_Handler
                0x08003500       0x2c C:\Users\ecemi\AppData\Local\Temp\ch.elf.pjFBcN.ltrans0.ltrans.o
                0x08003500                SVC_Handler
 *fill*         0x0800352c        0x4 
 .text.port_init
                0x08003530       0x50 C:\Users\ecemi\AppData\Local\Temp\ch.elf.pjFBcN.ltrans0.ltrans.o
 .text._port_irq_epilogue
                0x08003580       0x78 C:\Users\ecemi\AppData\Local\Temp\ch.elf.pjFBcN.ltrans0.ltrans.o
 *fill*         0x080035f8        0x8 
 .text.crc16    0x08003600       0x58 C:\Users\ecemi\AppData\Local\Temp\ch.elf.pjFBcN.ltrans0.ltrans.o
 *fill*         0x08003658        0x8 
 .text.mfs_state_reset
                0x08003660       0x4c C:\Users\ecemi\AppData\Local\Temp\ch.elf.pjFBcN.ltrans0.ltrans.o
 *fill*         0x080036ac        0x4 
 .text.mfs_flash_get_bank_offset
                0x080036b0       0x4c C:\Users\ecemi\AppData\Local\Temp\ch.elf.pjFBcN.ltrans0.ltrans.o
 *fill*         0x080036fc        0x4 
 .text.mfs_flash_read
                0x08003700       0x48 C:\Users\ecemi\AppData\Local\Temp\ch.elf.pjFBcN.ltrans0.ltrans.o
 *fill*         0x08003748        0x8 
 .text.mfs_flash_write
                0x08003750       0xb4 C:\Users\ecemi\AppData\Local\Temp\ch.elf.pjFBcN.ltrans0.ltrans.o
 *fill*         0x08003804        0xc 
 .text.mfs_flash_copy
                0x08003810       0x98 C:\Users\ecemi\AppData\Local\Temp\ch.elf.pjFBcN.ltrans0.ltrans.o
 *fill*         0x080038a8        0x8 
 .text.mfs_bank_erase
                0x080038b0       0xe8 C:\Users\ecemi\AppData\Local\Temp\ch.elf.pjFBcN.ltrans0.ltrans.o
 *fill*         0x08003998        0x8 
 .text.mfs_bank_verify_erase
                0x080039a0       0xa0 C:\Users\ecemi\AppData\Local\Temp\ch.elf.pjFBcN.ltrans0.ltrans.o
 .text.mfs_bank_write_header
                0x08003a40       0x80 C:\Users\ecemi\AppData\Local\Temp\ch.elf.pjFBcN.ltrans0.ltrans.o
 .text.mfs_bank_check_header
                0x08003ac0       0xc4 C:\Users\ecemi\AppData\Local\Temp\ch.elf.pjFBcN.ltrans0.ltrans.o
 *fill*         0x08003b84        0xc 
 .text.mfs_bank_scan_records
                0x08003b90      0x1c0 C:\Users\ecemi\AppData\Local\Temp\ch.elf.pjFBcN.ltrans0.ltrans.o
 .text.mfs_bank_get_state
                0x08003d50       0x8c C:\Users\ecemi\AppData\Local\Temp\ch.elf.pjFBcN.ltrans0.ltrans.o
 *fill*         0x08003ddc        0x4 
 .text.mfs_garbage_collect
                0x08003de0      0x110 C:\Users\ecemi\AppData\Local\Temp\ch.elf.pjFBcN.ltrans0.ltrans.o
 .text.mfs_try_mount
                0x08003ef0      0x380 C:\Users\ecemi\AppData\Local\Temp\ch.elf.pjFBcN.ltrans0.ltrans.o
 .text.mfs_mount
                0x08004270       0x68 C:\Users\ecemi\AppData\Local\Temp\ch.elf.pjFBcN.ltrans0.ltrans.o
 *fill*         0x080042d8        0x8 
 .text.mfsObjectInit
                0x080042e0       0x14 C:\Users\ecemi\AppData\Local\Temp\ch.elf.pjFBcN.ltrans0.ltrans.o
 *fill*         0x080042f4        0xc 
 .text.mfsStart
                0x08004300       0x20 C:\Users\ecemi\AppData\Local\Temp\ch.elf.pjFBcN.ltrans0.ltrans.o
 .text.mfsStop  0x08004320       0x14 C:\Users\ecemi\AppData\Local\Temp\ch.elf.pjFBcN.ltrans0.ltrans.o
 *fill*         0x08004334        0xc 
 .text.mfsErase
                0x08004340       0x5c C:\Users\ecemi\AppData\Local\Temp\ch.elf.pjFBcN.ltrans0.ltrans.o
 *fill*         0x0800439c        0x4 
 .text.mfsReadRecord
                0x080043a0      0x100 C:\Users\ecemi\AppData\Local\Temp\ch.elf.pjFBcN.ltrans0.ltrans.o
 .text.mfsWriteRecord
                0x080044a0      0x2d0 C:\Users\ecemi\AppData\Local\Temp\ch.elf.pjFBcN.ltrans0.ltrans.o
 .text.mfsEraseRecord
                0x08004770      0x23c C:\Users\ecemi\AppData\Local\Temp\ch.elf.pjFBcN.ltrans0.ltrans.o
 *fill*         0x080049ac        0x4 
 .text.mfsPerformGarbageCollection
                0x080049b0       0x24 C:\Users\ecemi\AppData\Local\Temp\ch.elf.pjFBcN.ltrans0.ltrans.o
 *fill*         0x080049d4        0xc 
 .text.mfsStartTransaction
                0x080049e0       0xb4 C:\Users\ecemi\AppData\Local\Temp\ch.elf.pjFBcN.ltrans0.ltrans.o
 *fill*         0x08004a94        0xc 
 .text.mfsCommitTransaction
                0x08004aa0      0x16c C:\Users\ecemi\AppData\Local\Temp\ch.elf.pjFBcN.ltrans0.ltrans.o
 *fill*         0x08004c0c        0x4 
 .text.mfsRollbackTransaction
                0x08004c10       0x44 C:\Users\ecemi\AppData\Local\Temp\ch.elf.pjFBcN.ltrans0.ltrans.o
 *fill*         0x08004c54        0xc 
 .text.osalThreadSleep.lto_priv.1
                0x08004c60       0x14 C:\Users\ecemi\AppData\Local\Temp\ch.elf.pjFBcN.ltrans0.ltrans.o
 *fill*         0x08004c74        0xc 
 .text.clear_tokens
                0x08004c80       0x10 C:\Users\ecemi\AppData\Local\Temp\ch.elf.pjFBcN.ltrans0.ltrans.o
 .text.print_tokens
                0x08004c90       0x40 C:\Users\ecemi\AppData\Local\Temp\ch.elf.pjFBcN.ltrans0.ltrans.o
 .text.execute_test
                0x08004cd0       0x3c C:\Users\ecemi\AppData\Local\Temp\ch.elf.pjFBcN.ltrans0.ltrans.o
 *fill*         0x08004d0c        0x4 
 .text.print_line
                0x08004d10       0x48 C:\Users\ecemi\AppData\Local\Temp\ch.elf.pjFBcN.ltrans0.ltrans.o
 *fill*         0x08004d58        0x8 
 .text.print_fat_line
                0x08004d60       0x48 C:\Users\ecemi\AppData\Local\Temp\ch.elf.pjFBcN.ltrans0.ltrans.o
 *fill*         0x08004da8        0x8 
 .text._test_fail
                0x08004db0       0x2c C:\Users\ecemi\AppData\Local\Temp\ch.elf.pjFBcN.ltrans0.ltrans.o
 *fill*         0x08004ddc        0x4 
 .text._test_assert
                0x08004de0       0x30 C:\Users\ecemi\AppData\Local\Temp\ch.elf.pjFBcN.ltrans0.ltrans.o
 .text.test_printn
                0x08004e10       0x8c C:\Users\ecemi\AppData\Local\Temp\ch.elf.pjFBcN.ltrans0.ltrans.o
 *fill*         0x08004e9c        0x4 
 .text.test_print
                0x08004ea0       0x34 C:\Users\ecemi\AppData\Local\Temp\ch.elf.pjFBcN.ltrans0.ltrans.o
 *fill*         0x08004ed4        0xc 
 .text.test_println
                0x08004ee0       0x2c C:\Users\ecemi\AppData\Local\Temp\ch.elf.pjFBcN.ltrans0.ltrans.o
 *fill*         0x08004f0c        0x4 
 .text.test_execute
                0x08004f10      0x2d0 C:\Users\ecemi\AppData\Local\Temp\ch.elf.pjFBcN.ltrans0.ltrans.o
 .text.bank_erase
                0x080051e0       0x90 C:\Users\ecemi\AppData\Local\Temp\ch.elf.pjFBcN.ltrans0.ltrans.o
 .text.bank_verify_erased
                0x08005270       0x74 C:\Users\ecemi\AppData\Local\Temp\ch.elf.pjFBcN.ltrans0.ltrans.o
 *fill*         0x080052e4        0xc 
 .text.mfs_test_001_001_setup
                0x080052f0       0x10 C:\Users\ecemi\AppData\Local\Temp\ch.elf.pjFBcN.ltrans0.ltrans.o
 .text.mfs_test_001_001_teardown
                0x08005300       0x10 C:\Users\ecemi\AppData\Local\Temp\ch.elf.pjFBcN.ltrans0.ltrans.o
 .text.mfs_test_001_001_execute
                0x08005310       0xdc C:\Users\ecemi\AppData\Local\Temp\ch.elf.pjFBcN.ltrans0.ltrans.o
 *fill*         0x080053ec        0x4 
 .text.mfs_test_001_002_setup
                0x080053f0       0x14 C:\Users\ecemi\AppData\Local\Temp\ch.elf.pjFBcN.ltrans0.ltrans.o
 *fill*         0x08005404        0xc 
 .text.mfs_test_001_002_teardown
                0x08005410       0x10 C:\Users\ecemi\AppData\Local\Temp\ch.elf.pjFBcN.ltrans0.ltrans.o
 .text.mfs_test_001_002_execute
                0x08005420       0x68 C:\Users\ecemi\AppData\Local\Temp\ch.elf.pjFBcN.ltrans0.ltrans.o
 *fill*         0x08005488        0x8 
 .text.mfs_test_001_003_setup
                0x08005490       0x14 C:\Users\ecemi\AppData\Local\Temp\ch.elf.pjFBcN.ltrans0.ltrans.o
 *fill*         0x080054a4        0xc 
 .text.mfs_test_001_003_teardown
                0x080054b0       0x10 C:\Users\ecemi\AppData\Local\Temp\ch.elf.pjFBcN.ltrans0.ltrans.o
 .text.mfs_test_001_003_execute
                0x080054c0      0x238 C:\Users\ecemi\AppData\Local\Temp\ch.elf.pjFBcN.ltrans0.ltrans.o
 *fill*         0x080056f8        0x8 
 .text.mfs_test_001_004_setup
                0x08005700       0x20 C:\Users\ecemi\AppData\Local\Temp\ch.elf.pjFBcN.ltrans0.ltrans.o
 .text.mfs_test_001_004_teardown
                0x08005720       0x10 C:\Users\ecemi\AppData\Local\Temp\ch.elf.pjFBcN.ltrans0.ltrans.o
 .text.mfs_test_001_004_execute
                0x08005730      0x33c C:\Users\ecemi\AppData\Local\Temp\ch.elf.pjFBcN.ltrans0.ltrans.o
 *fill*         0x08005a6c        0x4 
 .text.mfs_test_001_005_setup
                0x08005a70       0x1c C:\Users\ecemi\AppData\Local\Temp\ch.elf.pjFBcN.ltrans0.ltrans.o
 *fill*         0x08005a8c        0x4 
 .text.mfs_test_001_005_teardown
                0x08005a90       0x10 C:\Users\ecemi\AppData\Local\Temp\ch.elf.pjFBcN.ltrans0.ltrans.o
 .text.mfs_test_001_005_execute
                0x08005aa0      0x2d0 C:\Users\ecemi\AppData\Local\Temp\ch.elf.pjFBcN.ltrans0.ltrans.o
 .text.mfs_test_001_006_setup
                0x08005d70       0x1c C:\Users\ecemi\AppData\Local\Temp\ch.elf.pjFBcN.ltrans0.ltrans.o
 *fill*         0x08005d8c        0x4 
 .text.mfs_test_001_006_teardown
                0x08005d90       0x10 C:\Users\ecemi\AppData\Local\Temp\ch.elf.pjFBcN.ltrans0.ltrans.o
 .text.mfs_test_001_006_execute
                0x08005da0      0x688 C:\Users\ecemi\AppData\Local\Temp\ch.elf.pjFBcN.ltrans0.ltrans.o
 *fill*         0x08006428        0x8 
 .text.mfs_test_001_007_setup
                0x08006430       0x1c C:\Users\ecemi\AppData\Local\Temp\ch.elf.pjFBcN.ltrans0.ltrans.o
 *fill*         0x0800644c        0x4 
 .text.mfs_test_001_007_teardown
                0x08006450       0x10 C:\Users\ecemi\AppData\Local\Temp\ch.elf.pjFBcN.ltrans0.ltrans.o
 .text.mfs_test_001_007_execute
                0x08006460      0x2b0 C:\Users\ecemi\AppData\Local\Temp\ch.elf.pjFBcN.ltrans0.ltrans.o
 .text.mfs_test_002_001_setup
                0x08006710       0x20 C:\Users\ecemi\AppData\Local\Temp\ch.elf.pjFBcN.ltrans0.ltrans.o
 .text.mfs_test_002_001_teardown
                0x08006730       0x10 C:\Users\ecemi\AppData\Local\Temp\ch.elf.pjFBcN.ltrans0.ltrans.o
 .text.mfs_test_002_001_execute
                0x08006740      0x848 C:\Users\ecemi\AppData\Local\Temp\ch.elf.pjFBcN.ltrans0.ltrans.o
 *fill*         0x08006f88        0x8 
 .text.mfs_test_002_002_setup
                0x08006f90       0x20 C:\Users\ecemi\AppData\Local\Temp\ch.elf.pjFBcN.ltrans0.ltrans.o
 .text.mfs_test_002_002_teardown
                0x08006fb0       0x10 C:\Users\ecemi\AppData\Local\Temp\ch.elf.pjFBcN.ltrans0.ltrans.o
 .text.mfs_test_002_002_execute
                0x08006fc0      0x43c C:\Users\ecemi\AppData\Local\Temp\ch.elf.pjFBcN.ltrans0.ltrans.o
 *fill*         0x080073fc        0x4 
 .text.mfs_test_002_003_setup
                0x08007400       0x20 C:\Users\ecemi\AppData\Local\Temp\ch.elf.pjFBcN.ltrans0.ltrans.o
 .text.mfs_test_002_003_teardown
                0x08007420       0x10 C:\Users\ecemi\AppData\Local\Temp\ch.elf.pjFBcN.ltrans0.ltrans.o
 .text.mfs_test_002_003_execute
                0x08007430      0x27c C:\Users\ecemi\AppData\Local\Temp\ch.elf.pjFBcN.ltrans0.ltrans.o
 *fill*         0x080076ac        0x4 
 .text.mfs_test_003_001_execute
                0x080076b0      0x12c C:\Users\ecemi\AppData\Local\Temp\ch.elf.pjFBcN.ltrans0.ltrans.o
 *fill*         0x080077dc        0x4 
 .text.mfs_test_003_002_setup
                0x080077e0       0x1c C:\Users\ecemi\AppData\Local\Temp\ch.elf.pjFBcN.ltrans0.ltrans.o
 *fill*         0x080077fc        0x4 
 .text.mfs_test_003_002_teardown
                0x08007800       0x10 C:\Users\ecemi\AppData\Local\Temp\ch.elf.pjFBcN.ltrans0.ltrans.o
 .text.mfs_test_003_002_execute
                0x08007810       0x68 C:\Users\ecemi\AppData\Local\Temp\ch.elf.pjFBcN.ltrans0.ltrans.o
 *fill*         0x08007878        0x8 
 .text.chRegSetThreadName
                0x08007880       0x14 C:\Users\ecemi\AppData\Local\Temp\ch.elf.pjFBcN.ltrans0.ltrans.o
 *fill*         0x08007894        0xc 
 .text.Thread1.lto_priv.2
                0x080078a0       0x34 C:\Users\ecemi\AppData\Local\Temp\ch.elf.pjFBcN.ltrans0.ltrans.o
 *fill*         0x080078d4        0xc 
 .text.main     0x080078e0       0x64 C:\Users\ecemi\AppData\Local\Temp\ch.elf.pjFBcN.ltrans0.ltrans.o
                0x080078e0                main
 .text.memcmp   0x08007944       0x60 c:/chibistudio/tools/gnu tools arm embedded/9.0 2019q4/bin/../lib/gcc/arm-none-eabi/9.2.1/../../../../arm-none-eabi/lib/thumb/v7e-m/nofp\libg.a(lib_a-memcmp.o)
                0x08007944                memcmp
 *(.glue_7t)
 .glue_7t       0x080079a4        0x0 linker stubs
 *(.glue_7)
 .glue_7        0x080079a4        0x0 linker stubs
 *(.gcc*)
                0x080079a4                __text_end__ = .

.vfp11_veneer   0x080079a4        0x0
 .vfp11_veneer  0x080079a4        0x0 linker stubs

.v4_bx          0x080079a4        0x0
 .v4_bx         0x080079a4        0x0 linker stubs

.iplt           0x080079a4        0x0
 .iplt          0x080079a4        0x0 ./build/obj/crt0_v7m.o

.rodata         0x080079a4     0x1b1c
                0x080079a4                __rodata_base__ = .
 *(.rodata)
 *(.rodata.*)
 .rodata.ram_areas
                0x080079a4       0x80 C:\Users\ecemi\AppData\Local\Temp\ch.elf.pjFBcN.ltrans0.ltrans.o
 .rodata.vmt.lto_priv.0
                0x08007a24       0x20 C:\Users\ecemi\AppData\Local\Temp\ch.elf.pjFBcN.ltrans0.ltrans.o
 .rodata.vmt.lto_priv.1
                0x08007a44       0x28 C:\Users\ecemi\AppData\Local\Temp\ch.elf.pjFBcN.ltrans0.ltrans.o
 .rodata.efl_lld_descriptor
                0x08007a6c       0x1c C:\Users\ecemi\AppData\Local\Temp\ch.elf.pjFBcN.ltrans0.ltrans.o
 .rodata.default_config
                0x08007a88       0x10 C:\Users\ecemi\AppData\Local\Temp\ch.elf.pjFBcN.ltrans0.ltrans.o
 .rodata.gpio_default_config
                0x08007a98      0x120 C:\Users\ecemi\AppData\Local\Temp\ch.elf.pjFBcN.ltrans0.ltrans.o
 .rodata.str1.4
                0x08007bb8      0xbe0 C:\Users\ecemi\AppData\Local\Temp\ch.elf.pjFBcN.ltrans0.ltrans.o
 .rodata.idle_descriptor.7390
                0x08008798       0x18 C:\Users\ecemi\AppData\Local\Temp\ch.elf.pjFBcN.ltrans0.ltrans.o
 .rodata.chThdCreateStatic.str1.4
                0x080087b0        0x7 C:\Users\ecemi\AppData\Local\Temp\ch.elf.pjFBcN.ltrans0.ltrans.o
 *fill*         0x080087b7        0x1 
 .rodata.ch_debug
                0x080087b8       0x16 C:\Users\ecemi\AppData\Local\Temp\ch.elf.pjFBcN.ltrans0.ltrans.o
 *fill*         0x080087ce        0x2 
 .rodata.crc16_table
                0x080087d0      0x200 C:\Users\ecemi\AppData\Local\Temp\ch.elf.pjFBcN.ltrans0.ltrans.o
 .rodata.print_line.str1.4
                0x080089d0        0x3 C:\Users\ecemi\AppData\Local\Temp\ch.elf.pjFBcN.ltrans0.ltrans.o
 *fill*         0x080089d3        0x1 
 .rodata.test_execute.str1.4
                0x080089d4      0x190 C:\Users\ecemi\AppData\Local\Temp\ch.elf.pjFBcN.ltrans0.ltrans.o
                                0x19c (size before relaxing)
 .rodata.oslib_test_008_001_execute.str1.4
                0x08008b64       0x75 C:\Users\ecemi\AppData\Local\Temp\ch.elf.pjFBcN.ltrans0.ltrans.o
 *fill*         0x08008bd9        0x3 
 .rodata.mfs_test_suite_array
                0x08008bdc       0x10 C:\Users\ecemi\AppData\Local\Temp\ch.elf.pjFBcN.ltrans0.ltrans.o
 .rodata.mfs_test_suite
                0x08008bec        0x8 C:\Users\ecemi\AppData\Local\Temp\ch.elf.pjFBcN.ltrans0.ltrans.o
 .rodata.mfs_pattern16
                0x08008bf4       0x10 C:\Users\ecemi\AppData\Local\Temp\ch.elf.pjFBcN.ltrans0.ltrans.o
 .rodata.mfs_pattern32
                0x08008c04       0x20 C:\Users\ecemi\AppData\Local\Temp\ch.elf.pjFBcN.ltrans0.ltrans.o
 .rodata.mfs_pattern10
                0x08008c24        0xa C:\Users\ecemi\AppData\Local\Temp\ch.elf.pjFBcN.ltrans0.ltrans.o
 *fill*         0x08008c2e        0x2 
 .rodata.mfs_pattern512
                0x08008c30      0x200 C:\Users\ecemi\AppData\Local\Temp\ch.elf.pjFBcN.ltrans0.ltrans.o
 .rodata.mfs_test_001_001_execute.str1.4
                0x08008e30       0x84 C:\Users\ecemi\AppData\Local\Temp\ch.elf.pjFBcN.ltrans0.ltrans.o
 .rodata.mfs_test_001_001
                0x08008eb4       0x10 C:\Users\ecemi\AppData\Local\Temp\ch.elf.pjFBcN.ltrans0.ltrans.o
 .rodata.mfs_test_001_002_execute.str1.4
                0x08008ec4       0x26 C:\Users\ecemi\AppData\Local\Temp\ch.elf.pjFBcN.ltrans0.ltrans.o
 *fill*         0x08008eea        0x2 
 .rodata.mfs_test_001_002
                0x08008eec       0x10 C:\Users\ecemi\AppData\Local\Temp\ch.elf.pjFBcN.ltrans0.ltrans.o
 .rodata.mfs_test_001_003_execute.str1.4
                0x08008efc       0xca C:\Users\ecemi\AppData\Local\Temp\ch.elf.pjFBcN.ltrans0.ltrans.o
 *fill*         0x08008fc6        0x2 
 .rodata.mfs_test_001_003
                0x08008fc8       0x10 C:\Users\ecemi\AppData\Local\Temp\ch.elf.pjFBcN.ltrans0.ltrans.o
 .rodata.mfs_test_001_004_execute.str1.4
                0x08008fd8       0xfb C:\Users\ecemi\AppData\Local\Temp\ch.elf.pjFBcN.ltrans0.ltrans.o
 *fill*         0x080090d3        0x1 
 .rodata.mfs_test_001_004
                0x080090d4       0x10 C:\Users\ecemi\AppData\Local\Temp\ch.elf.pjFBcN.ltrans0.ltrans.o
 .rodata.mfs_test_001_005_execute.str1.4
                0x080090e4       0x7d C:\Users\ecemi\AppData\Local\Temp\ch.elf.pjFBcN.ltrans0.ltrans.o
 *fill*         0x08009161        0x3 
 .rodata.mfs_test_001_005
                0x08009164       0x10 C:\Users\ecemi\AppData\Local\Temp\ch.elf.pjFBcN.ltrans0.ltrans.o
 .rodata.mfs_test_001_006_execute.str1.4
                0x08009174       0x8a C:\Users\ecemi\AppData\Local\Temp\ch.elf.pjFBcN.ltrans0.ltrans.o
 *fill*         0x080091fe        0x2 
 .rodata.mfs_test_001_006
                0x08009200       0x10 C:\Users\ecemi\AppData\Local\Temp\ch.elf.pjFBcN.ltrans0.ltrans.o
 .rodata.mfs_test_001_007
                0x08009210       0x10 C:\Users\ecemi\AppData\Local\Temp\ch.elf.pjFBcN.ltrans0.ltrans.o
 .rodata.mfs_test_sequence_001_array
                0x08009220       0x20 C:\Users\ecemi\AppData\Local\Temp\ch.elf.pjFBcN.ltrans0.ltrans.o
 .rodata.mfs_test_sequence_001
                0x08009240        0x8 C:\Users\ecemi\AppData\Local\Temp\ch.elf.pjFBcN.ltrans0.ltrans.o
 .rodata.mfs_test_002_001_execute.str1.4
                0x08009248       0xbe C:\Users\ecemi\AppData\Local\Temp\ch.elf.pjFBcN.ltrans0.ltrans.o
 *fill*         0x08009306        0x2 
 .rodata.mfs_test_002_001
                0x08009308       0x10 C:\Users\ecemi\AppData\Local\Temp\ch.elf.pjFBcN.ltrans0.ltrans.o
 .rodata.mfs_test_002_002_execute.str1.4
                0x08009318       0x1f C:\Users\ecemi\AppData\Local\Temp\ch.elf.pjFBcN.ltrans0.ltrans.o
 *fill*         0x08009337        0x1 
 .rodata.mfs_test_002_002
                0x08009338       0x10 C:\Users\ecemi\AppData\Local\Temp\ch.elf.pjFBcN.ltrans0.ltrans.o
 .rodata.mfs_test_002_003_execute.str1.4
                0x08009348       0x13 C:\Users\ecemi\AppData\Local\Temp\ch.elf.pjFBcN.ltrans0.ltrans.o
 *fill*         0x0800935b        0x1 
 .rodata.mfs_test_002_003
                0x0800935c       0x10 C:\Users\ecemi\AppData\Local\Temp\ch.elf.pjFBcN.ltrans0.ltrans.o
 .rodata.mfs_test_sequence_002_array
                0x0800936c       0x10 C:\Users\ecemi\AppData\Local\Temp\ch.elf.pjFBcN.ltrans0.ltrans.o
 .rodata.mfs_test_sequence_002
                0x0800937c        0x8 C:\Users\ecemi\AppData\Local\Temp\ch.elf.pjFBcN.ltrans0.ltrans.o
 .rodata.mfs_test_003_001_execute.str1.4
                0x08009384       0xd0 C:\Users\ecemi\AppData\Local\Temp\ch.elf.pjFBcN.ltrans0.ltrans.o
 .rodata.mfs_test_003_001
                0x08009454       0x10 C:\Users\ecemi\AppData\Local\Temp\ch.elf.pjFBcN.ltrans0.ltrans.o
 .rodata.mfs_test_003_002_execute.str1.4
                0x08009464       0x13 C:\Users\ecemi\AppData\Local\Temp\ch.elf.pjFBcN.ltrans0.ltrans.o
 *fill*         0x08009477        0x1 
 .rodata.mfs_test_003_002
                0x08009478       0x10 C:\Users\ecemi\AppData\Local\Temp\ch.elf.pjFBcN.ltrans0.ltrans.o
 .rodata.mfs_test_sequence_003_array
                0x08009488        0xc C:\Users\ecemi\AppData\Local\Temp\ch.elf.pjFBcN.ltrans0.ltrans.o
 .rodata.mfs_test_sequence_003
                0x08009494        0x8 C:\Users\ecemi\AppData\Local\Temp\ch.elf.pjFBcN.ltrans0.ltrans.o
 .rodata.mfscfg1
                0x0800949c       0x1c C:\Users\ecemi\AppData\Local\Temp\ch.elf.pjFBcN.ltrans0.ltrans.o
 .rodata.Thread1.lto_priv.2.str1.4
                0x080094b8        0x8 C:\Users\ecemi\AppData\Local\Temp\ch.elf.pjFBcN.ltrans0.ltrans.o
                0x080094c0                . = ALIGN (0x4)
                0x080094c0                __rodata_end__ = .

.ARM.extab
 *(.ARM.extab* .gnu.linkonce.armextab.*)

.ARM.exidx      0x080094c0        0x8
                0x080094c0                __exidx_base__ = .
                0x080094c0                __exidx_start = .
 *(.ARM.exidx* .gnu.linkonce.armexidx.*)
 .ARM.exidx     0x080094c0        0x8 c:/chibistudio/tools/gnu tools arm embedded/9.0 2019q4/bin/../lib/gcc/arm-none-eabi/9.2.1/thumb/v7e-m/nofp\libgcc.a(_udivmoddi4.o)
                0x080094c8                __exidx_end__ = .
                0x080094c8                __exidx_end = .

.rel.dyn        0x080094c8        0x0
 .rel.iplt      0x080094c8        0x0 ./build/obj/crt0_v7m.o

.eh_frame_hdr
 *(.eh_frame_hdr)

.eh_frame
 *(.eh_frame)

.data           0x20000800        0x0 load address 0x080094c8
                [!provide]                PROVIDE (_textdata = LOADADDR (.data))
                [!provide]                PROVIDE (_data = .)
                0x080094c8                __textdata_base__ = LOADADDR (.data)
                0x20000800                __data_base__ = .
 *(.data)
 *(.data.*)
 *(.ramtext)
                0x20000800                . = ALIGN (0x4)
                [!provide]                PROVIDE (_edata = .)
                0x20000800                __data_end__ = .

.igot.plt       0x20000800        0x0 load address 0x080094c8
 .igot.plt      0x20000800        0x0 ./build/obj/crt0_v7m.o

.bss            0x20000800      0x7c0 load address 0x080094c8
                0x20000800                __bss_base__ = .
 *(.bss)
 *(.bss.*)
 .bss.EFLD1     0x20000800       0x10 C:\Users\ecemi\AppData\Local\Temp\ch.elf.pjFBcN.ltrans0.ltrans.o
 .bss.SD2       0x20000810       0x60 C:\Users\ecemi\AppData\Local\Temp\ch.elf.pjFBcN.ltrans0.ltrans.o
 .bss.sd_in_buf2
                0x20000870       0x10 C:\Users\ecemi\AppData\Local\Temp\ch.elf.pjFBcN.ltrans0.ltrans.o
 .bss.sd_out_buf2
                0x20000880       0x10 C:\Users\ecemi\AppData\Local\Temp\ch.elf.pjFBcN.ltrans0.ltrans.o
 .bss.ch_idle_thread_wa
                0x20000890       0xd8 C:\Users\ecemi\AppData\Local\Temp\ch.elf.pjFBcN.ltrans0.ltrans.o
 .bss.ch        0x20000968       0x78 C:\Users\ecemi\AppData\Local\Temp\ch.elf.pjFBcN.ltrans0.ltrans.o
 .bss.ch_memcore
                0x200009e0        0x8 C:\Users\ecemi\AppData\Local\Temp\ch.elf.pjFBcN.ltrans0.ltrans.o
 .bss.default_heap
                0x200009e8       0x1c C:\Users\ecemi\AppData\Local\Temp\ch.elf.pjFBcN.ltrans0.ltrans.o
 .bss.ch_factory
                0x20000a04       0x48 C:\Users\ecemi\AppData\Local\Temp\ch.elf.pjFBcN.ltrans0.ltrans.o
 .bss.test_step
                0x20000a4c        0x4 C:\Users\ecemi\AppData\Local\Temp\ch.elf.pjFBcN.ltrans0.ltrans.o
 .bss.test_global_fail
                0x20000a50        0x1 C:\Users\ecemi\AppData\Local\Temp\ch.elf.pjFBcN.ltrans0.ltrans.o
 .bss.test_local_fail
                0x20000a51        0x1 C:\Users\ecemi\AppData\Local\Temp\ch.elf.pjFBcN.ltrans0.ltrans.o
 *fill*         0x20000a52        0x2 
 .bss.test_failure_message
                0x20000a54        0x4 C:\Users\ecemi\AppData\Local\Temp\ch.elf.pjFBcN.ltrans0.ltrans.o
 .bss.test_tokens_buffer
                0x20000a58       0x10 C:\Users\ecemi\AppData\Local\Temp\ch.elf.pjFBcN.ltrans0.ltrans.o
 .bss.test_tokp
                0x20000a68        0x4 C:\Users\ecemi\AppData\Local\Temp\ch.elf.pjFBcN.ltrans0.ltrans.o
 .bss.test_chp  0x20000a6c        0x4 C:\Users\ecemi\AppData\Local\Temp\ch.elf.pjFBcN.ltrans0.ltrans.o
 .bss.mfs1      0x20000a70      0x204 C:\Users\ecemi\AppData\Local\Temp\ch.elf.pjFBcN.ltrans0.ltrans.o
 .bss.mfs_buffer
                0x20000c74      0x200 C:\Users\ecemi\AppData\Local\Temp\ch.elf.pjFBcN.ltrans0.ltrans.o
 *fill*         0x20000e74        0x4 
 .bss.waThread1.lto_priv.1
                0x20000e78      0x148 C:\Users\ecemi\AppData\Local\Temp\ch.elf.pjFBcN.ltrans0.ltrans.o
 *(COMMON)
                0x20000fc0                . = ALIGN (0x4)
                0x20000fc0                __bss_end__ = .
                [!provide]                PROVIDE (end = .)
                0x20000000                __ram0_base__ = ORIGIN (ram0)
                0x00018000                __ram0_size__ = LENGTH (ram0)
                0x20018000                __ram0_end__ = (__ram0_base__ + __ram0_size__)
                0x00000000                __ram1_base__ = ORIGIN (ram1)
                0x00000000                __ram1_size__ = LENGTH (ram1)
                0x00000000                __ram1_end__ = (__ram1_base__ + __ram1_size__)
                0x00000000                __ram2_base__ = ORIGIN (ram2)
                0x00000000                __ram2_size__ = LENGTH (ram2)
                0x00000000                __ram2_end__ = (__ram2_base__ + __ram2_size__)
                0x00000000                __ram3_base__ = ORIGIN (ram3)
                0x00000000                __ram3_size__ = LENGTH (ram3)
                0x00000000                __ram3_end__ = (__ram3_base__ + __ram3_size__)
                0x10000000                __ram4_base__ = ORIGIN (ram4)
                0x00008000                __ram4_size__ = LENGTH (ram4)
                0x10008000                __ram4_end__ = (__ram4_base__ + __ram4_size__)
                0x00000000                __ram5_base__ = ORIGIN (ram5)
                0x00000000                __ram5_size__ = LENGTH (ram5)
                0x00000000                __ram5_end__ = (__ram5_base__ + __ram5_size__)
                0x00000000                __ram6_base__ = ORIGIN (ram6)
                0x00000000                __ram6_size__ = LENGTH (ram6)
                0x00000000                __ram6_end__ = (__ram6_base__ + __ram6_size__)
                0x00000000                __ram7_base__ = ORIGIN (ram7)
                0x00000000                __ram7_size__ = LENGTH (ram7)
                0x00000000                __ram7_end__ = (__ram7_base__ + __ram7_size__)
                0x08000000                __flash0_base__ = ORIGIN (flash0)
                0x00100000                __flash0_size__ = LENGTH (flash0)
                0x08100000                __flash0_end__ = (__flash0_base__ + __flash0_size__)
                0x00000000                __flash1_base__ = ORIGIN (flash1)
                0x00000000                __flash1_size__ = LENGTH (flash1)
                0x00000000                __flash1_end__ = (__flash1_base__ + __flash1_size__)
                0x00000000                __flash2_base__ = ORIGIN (flash2)
                0x00000000                __flash2_size__ = LENGTH (flash2)
                0x00000000                __flash2_end__ = (__flash2_base__ + __flash2_size__)
                0x00000000                __flash3_base__ = ORIGIN (flash3)
                0x00000000                __flash3_size__ = LENGTH (flash3)
                0x00000000                __flash3_end__ = (__flash3_base__ + __flash3_size__)
                0x00000000                __flash4_base__ = ORIGIN (flash4)
                0x00000000                __flash4_size__ = LENGTH (flash4)
                0x00000000                __flash4_end__ = (__flash4_base__ + __flash4_size__)
                0x00000000                __flash5_base__ = ORIGIN (flash5)
                0x00000000                __flash5_size__ = LENGTH (flash5)
                0x00000000                __flash5_end__ = (__flash5_base__ + __flash5_size__)
                0x00000000                __flash6_base__ = ORIGIN (flash6)
                0x00000000                __flash6_size__ = LENGTH (flash6)
                0x00000000                __flash6_end__ = (__flash6_base__ + __flash6_size__)
                0x00000000                __flash7_base__ = ORIGIN (flash7)
                0x00000000                __flash7_size__ = LENGTH (flash7)
                0x00000000                __flash7_end__ = (__flash7_base__ + __flash7_size__)

.ram0_init      0x20000fc0        0x0 load address 0x080094c8
                0x080094c8                __ram0_init_text__ = LOADADDR (.ram0_init)
                0x20000fc0                __ram0_init__ = .
 *(.ram0_init)
 *(.ram0_init.*)
                0x20000fc0                . = ALIGN (0x4)

.ram0           0x20000fc0        0x0 load address 0x080094c8
                0x20000fc0                __ram0_clear__ = .
 *(.ram0_clear)
 *(.ram0_clear.*)
                0x20000fc0                . = ALIGN (0x4)
                0x20000fc0                __ram0_noinit__ = .
 *(.ram0)
 *(.ram0.*)
                0x20000fc0                . = ALIGN (0x4)
                0x20000fc0                __ram0_free__ = .

.ram1_init      0x00000000        0x0 load address 0x080094c8
                0x080094c8                __ram1_init_text__ = LOADADDR (.ram1_init)
                0x00000000                __ram1_init__ = .
 *(.ram1_init)
 *(.ram1_init.*)
                0x00000000                . = ALIGN (0x4)

.ram1           0x00000000        0x0 load address 0x080094c8
                0x00000000                __ram1_clear__ = .
 *(.ram1_clear)
 *(.ram1_clear.*)
                0x00000000                . = ALIGN (0x4)
                0x00000000                __ram1_noinit__ = .
 *(.ram1)
 *(.ram1.*)
                0x00000000                . = ALIGN (0x4)
                0x00000000                __ram1_free__ = .

.ram2_init      0x00000000        0x0 load address 0x080094c8
                0x080094c8                __ram2_init_text__ = LOADADDR (.ram2_init)
                0x00000000                __ram2_init__ = .
 *(.ram2_init)
 *(.ram2_init.*)
                0x00000000                . = ALIGN (0x4)

.ram2           0x00000000        0x0 load address 0x080094c8
                0x00000000                __ram2_clear__ = .
 *(.ram2_clear)
 *(.ram2_clear.*)
                0x00000000                . = ALIGN (0x4)
                0x00000000                __ram2_noinit__ = .
 *(.ram2)
 *(.ram2.*)
                0x00000000                . = ALIGN (0x4)
                0x00000000                __ram2_free__ = .

.ram3_init      0x00000000        0x0 load address 0x080094c8
                0x080094c8                __ram3_init_text__ = LOADADDR (.ram3_init)
                0x00000000                __ram3_init__ = .
 *(.ram3_init)
 *(.ram3_init.*)
                0x00000000                . = ALIGN (0x4)

.ram3           0x00000000        0x0 load address 0x080094c8
                0x00000000                __ram3_clear__ = .
 *(.ram3_clear)
 *(.ram3_clear.*)
                0x00000000                . = ALIGN (0x4)
                0x00000000                __ram3_noinit__ = .
 *(.ram3)
 *(.ram3.*)
                0x00000000                . = ALIGN (0x4)
                0x00000000                __ram3_free__ = .

.ram4_init      0x10000000        0x0 load address 0x080094c8
                0x080094c8                __ram4_init_text__ = LOADADDR (.ram4_init)
                0x10000000                __ram4_init__ = .
 *(.ram4_init)
 *(.ram4_init.*)
                0x10000000                . = ALIGN (0x4)

.ram4           0x10000000        0x0 load address 0x080094c8
                0x10000000                __ram4_clear__ = .
 *(.ram4_clear)
 *(.ram4_clear.*)
                0x10000000                . = ALIGN (0x4)
                0x10000000                __ram4_noinit__ = .
 *(.ram4)
 *(.ram4.*)
                0x10000000                . = ALIGN (0x4)
                0x10000000                __ram4_free__ = .

.ram5_init      0x00000000        0x0 load address 0x080094c8
                0x080094c8                __ram5_init_text__ = LOADADDR (.ram5_init)
                0x00000000                __ram5_init__ = .
 *(.ram5_init)
 *(.ram5_init.*)
                0x00000000                . = ALIGN (0x4)

.ram5           0x00000000        0x0 load address 0x080094c8
                0x00000000                __ram5_clear__ = .
 *(.ram5_clear)
 *(.ram5_clear.*)
                0x00000000                . = ALIGN (0x4)
                0x00000000                __ram5_noinit__ = .
 *(.ram5)
 *(.ram5.*)
                0x00000000                . = ALIGN (0x4)
                0x00000000                __ram5_free__ = .

.ram6_init      0x00000000        0x0 load address 0x080094c8
                0x080094c8                __ram6_init_text__ = LOADADDR (.ram6_init)
                0x00000000                __ram6_init__ = .
 *(.ram6_init)
 *(.ram6_init.*)
                0x00000000                . = ALIGN (0x4)

.ram6           0x00000000        0x0 load address 0x080094c8
                0x00000000                __ram6_clear__ = .
 *(.ram6_clear)
 *(.ram6_clear.*)
                0x00000000                . = ALIGN (0x4)
                0x00000000                __ram6_noinit__ = .
 *(.ram6)
 *(.ram6.*)
                0x00000000                . = ALIGN (0x4)
                0x00000000                __ram6_free__ = .

.ram7_init      0x00000000        0x0 load address 0x080094c8
                0x080094c8                __ram7_init_text__ = LOADADDR (.ram7_init)
                0x00000000                __ram7_init__ = .
 *(.ram7_init)
 *(.ram7_init.*)
                0x00000000                . = ALIGN (0x4)

.ram7           0x00000000        0x0 load address 0x080094c8
                0x00000000                __ram7_clear__ = .
 *(.ram7_clear)
 *(.ram7_clear.*)
                0x00000000                . = ALIGN (0x4)
                0x00000000                __ram7_noinit__ = .
 *(.ram7)
 *(.ram7.*)
                0x00000000                . = ALIGN (0x4)
                0x00000000                __ram7_free__ = .

.flash0         0x080094c8        0x0
                0x080094c8                __flash0_init__ = .
 *(.flash0_init)
 *(.flash0_init.*)
                0x080094c8                __flash0_free__ = .

.flash1         0x00000000        0x0
                0x00000000                __flash1_init__ = .
 *(.flash1_init)
 *(.flash1_init.*)
                0x00000000                __flash1_free__ = .

.flash2         0x00000000        0x0
                0x00000000                __flash2_init__ = .
 *(.flash2_init)
 *(.flash2_init.*)
                0x00000000                __flash2_free__ = .

.flash3         0x00000000        0x0
                0x00000000                __flash3_init__ = .
 *(.flash3_init)
 *(.flash3_init.*)
                0x00000000                __flash3_free__ = .

.flash4         0x00000000        0x0
                0x00000000                __flash4_init__ = .
 *(.flash4_init)
 *(.flash4_init.*)
                0x00000000                __flash4_free__ = .

.flash5         0x00000000        0x0
                0x00000000                __flash5_init__ = .
 *(.flash5_init)
 *(.flash5_init.*)
                0x00000000                __flash5_free__ = .

.flash6         0x00000000        0x0
                0x00000000                __flash6_init__ = .
 *(.flash6_init)
 *(.flash6_init.*)
                0x00000000                __flash6_free__ = .

.flash7         0x00000000        0x0
                0x00000000                __flash7_init__ = .
 *(.flash7_init)
 *(.flash7_init.*)
                0x00000000                __flash7_free__ = .

.heap           0x20000fc0    0x17040
                0x20000fc0                . = ALIGN (0x8)
                0x20000fc0                __heap_base__ = .
                0x20018000                . = (ORIGIN (HEAP_RAM) + LENGTH (HEAP_RAM))
 *fill*         0x20000fc0    0x17040 
                0x20018000                __heap_end__ = .
                0x00000400                __process_stack_size__ = 0x400
                0x00000400                __main_stack_size__ = 0x400
START GROUP
LOAD c:/chibistudio/tools/gnu tools arm embedded/9.0 2019q4/bin/../lib/gcc/arm-none-eabi/9.2.1/thumb/v7e-m/nofp\libgcc.a
LOAD c:/chibistudio/tools/gnu tools arm embedded/9.0 2019q4/bin/../lib/gcc/arm-none-eabi/9.2.1/../../../../arm-none-eabi/lib/thumb/v7e-m/nofp\libg.a
LOAD c:/chibistudio/tools/gnu tools arm embedded/9.0 2019q4/bin/../lib/gcc/arm-none-eabi/9.2.1/../../../../arm-none-eabi/lib/thumb/v7e-m/nofp\libc.a
END GROUP
OUTPUT(build/ch.elf elf32-littlearm)

.ARM.attributes
                0x00000000       0x2f
 .ARM.attributes
                0x00000000       0x21 ./build/obj/crt0_v7m.o
 .ARM.attributes
                0x00000021       0x21 ./build/obj/vectors.o
 .ARM.attributes
                0x00000042       0x21 ./build/obj/chcoreasm_v7m.o
 .ARM.attributes
                0x00000063       0x2c C:\Users\ecemi\AppData\Local\Temp\ch.elf.pjFBcN.ltrans0.ltrans.o
 .ARM.attributes
                0x0000008f       0x1e c:/chibistudio/tools/gnu tools arm embedded/9.0 2019q4/bin/../lib/gcc/arm-none-eabi/9.2.1/thumb/v7e-m/nofp\libgcc.a(_aeabi_uldivmod.o)
 .ARM.attributes
                0x000000ad       0x2e c:/chibistudio/tools/gnu tools arm embedded/9.0 2019q4/bin/../lib/gcc/arm-none-eabi/9.2.1/thumb/v7e-m/nofp\libgcc.a(_udivmoddi4.o)
 .ARM.attributes
                0x000000db       0x1e c:/chibistudio/tools/gnu tools arm embedded/9.0 2019q4/bin/../lib/gcc/arm-none-eabi/9.2.1/thumb/v7e-m/nofp\libgcc.a(_dvmd_tls.o)
 .ARM.attributes
                0x000000f9       0x2e c:/chibistudio/tools/gnu tools arm embedded/9.0 2019q4/bin/../lib/gcc/arm-none-eabi/9.2.1/../../../../arm-none-eabi/lib/thumb/v7e-m/nofp\libg.a(lib_a-memcmp.o)
 .ARM.attributes
                0x00000127       0x1c c:/chibistudio/tools/gnu tools arm embedded/9.0 2019q4/bin/../lib/gcc/arm-none-eabi/9.2.1/../../../../arm-none-eabi/lib/thumb/v7e-m/nofp\libg.a(lib_a-memcpy.o)

.comment        0x00000000       0x79
 .comment       0x00000000       0x79 C:\Users\ecemi\AppData\Local\Temp\ch.elf.pjFBcN.ltrans0.ltrans.o
                                 0x7a (size before relaxing)

.debug_line     0x00000000    0x21822
 .debug_line    0x00000000       0xcd ./build/obj/crt0_v7m.o
 .debug_line    0x000000cd       0x77 ./build/obj/vectors.o
 .debug_line    0x00000144       0x8e ./build/obj/chcoreasm_v7m.o
 .debug_line    0x000001d2     0xbff0 C:\Users\ecemi\AppData\Local\Temp\ch.elf.pjFBcN.ltrans0.ltrans.o
 .debug_line    0x0000c1c2      0x1ad C:\Users\ecemi\AppData\Local\Temp\ccgFx6Vx.debug.temp.o
 .debug_line    0x0000c36f      0x4b9 C:\Users\ecemi\AppData\Local\Temp\ccEqwcgJ.debug.temp.o
 .debug_line    0x0000c828      0x4db C:\Users\ecemi\AppData\Local\Temp\ccGkhOSU.debug.temp.o
 .debug_line    0x0000cd03      0x511 C:\Users\ecemi\AppData\Local\Temp\cc6Sy5t5.debug.temp.o
 .debug_line    0x0000d214      0x4ff C:\Users\ecemi\AppData\Local\Temp\ccE12chg.debug.temp.o
 .debug_line    0x0000d713      0x4bf C:\Users\ecemi\AppData\Local\Temp\cc4xzwdr.debug.temp.o
 .debug_line    0x0000dbd2      0x4cc C:\Users\ecemi\AppData\Local\Temp\cc03d6lL.debug.temp.o
 .debug_line    0x0000e09e      0x545 C:\Users\ecemi\AppData\Local\Temp\ccuIL4BV.debug.temp.o
 .debug_line    0x0000e5e3      0x4cf C:\Users\ecemi\AppData\Local\Temp\cc8Lz2Z4.debug.temp.o
 .debug_line    0x0000eab2      0x49c C:\Users\ecemi\AppData\Local\Temp\ccUXpwEe.debug.temp.o
 .debug_line    0x0000ef4e      0x6c6 C:\Users\ecemi\AppData\Local\Temp\ccceSkyo.debug.temp.o
 .debug_line    0x0000f614      0x473 C:\Users\ecemi\AppData\Local\Temp\ccInLKaC.debug.temp.o
 .debug_line    0x0000fa87      0x498 C:\Users\ecemi\AppData\Local\Temp\cc2mY10P.debug.temp.o
 .debug_line    0x0000ff1f      0x4c7 C:\Users\ecemi\AppData\Local\Temp\ccYPtL6t.debug.temp.o
 .debug_line    0x000103e6      0x4f0 C:\Users\ecemi\AppData\Local\Temp\cckwCbqH.debug.temp.o
 .debug_line    0x000108d6      0x4b7 C:\Users\ecemi\AppData\Local\Temp\ccUjBYLU.debug.temp.o
 .debug_line    0x00010d8d      0x4e2 C:\Users\ecemi\AppData\Local\Temp\ccKj8Jc7.debug.temp.o
 .debug_line    0x0001126f      0x396 C:\Users\ecemi\AppData\Local\Temp\ccKd8sxw.debug.temp.o
 .debug_line    0x00011605      0x36c C:\Users\ecemi\AppData\Local\Temp\ccsVau86.debug.temp.o
 .debug_line    0x00011971      0x36b C:\Users\ecemi\AppData\Local\Temp\ccSlWqej.debug.temp.o
 .debug_line    0x00011cdc      0x38f C:\Users\ecemi\AppData\Local\Temp\ccOApZov.debug.temp.o
 .debug_line    0x0001206b      0x350 C:\Users\ecemi\AppData\Local\Temp\ccuDE3eL.debug.temp.o
 .debug_line    0x000123bb      0x395 C:\Users\ecemi\AppData\Local\Temp\ccw182b1.debug.temp.o
 .debug_line    0x00012750      0x360 C:\Users\ecemi\AppData\Local\Temp\ccmJavih.debug.temp.o
 .debug_line    0x00012ab0      0x360 C:\Users\ecemi\AppData\Local\Temp\ccS26fyx.debug.temp.o
 .debug_line    0x00012e10      0x37c C:\Users\ecemi\AppData\Local\Temp\ccgcgxSN.debug.temp.o
 .debug_line    0x0001318c      0x371 C:\Users\ecemi\AppData\Local\Temp\ccUNPsb3.debug.temp.o
 .debug_line    0x000134fd      0x36b C:\Users\ecemi\AppData\Local\Temp\ccYSfBBi.debug.temp.o
 .debug_line    0x00013868      0x383 C:\Users\ecemi\AppData\Local\Temp\ccM9BUay.debug.temp.o
 .debug_line    0x00013beb      0x383 C:\Users\ecemi\AppData\Local\Temp\cceZBwTN.debug.temp.o
 .debug_line    0x00013f6e      0x367 C:\Users\ecemi\AppData\Local\Temp\cc84cXA2.debug.temp.o
 .debug_line    0x000142d5      0x369 C:\Users\ecemi\AppData\Local\Temp\ccKf7Jmh.debug.temp.o
 .debug_line    0x0001463e      0x368 C:\Users\ecemi\AppData\Local\Temp\cciWE0hw.debug.temp.o
 .debug_line    0x000149a6      0x393 C:\Users\ecemi\AppData\Local\Temp\cc8TWskL.debug.temp.o
 .debug_line    0x00014d39      0x37a C:\Users\ecemi\AppData\Local\Temp\ccmcFit0.debug.temp.o
 .debug_line    0x000150b3      0x39f C:\Users\ecemi\AppData\Local\Temp\ccksAVye.debug.temp.o
 .debug_line    0x00015452      0x3b4 C:\Users\ecemi\AppData\Local\Temp\ccYjqRNs.debug.temp.o
 .debug_line    0x00015806      0x37c C:\Users\ecemi\AppData\Local\Temp\cc4WLoAV.debug.temp.o
 .debug_line    0x00015b82      0x4d3 C:\Users\ecemi\AppData\Local\Temp\cc6Ye1Kd.debug.temp.o
 .debug_line    0x00016055      0x4cb C:\Users\ecemi\AppData\Local\Temp\ccUhY54v.debug.temp.o
 .debug_line    0x00016520      0x4ac C:\Users\ecemi\AppData\Local\Temp\ccwq11CO.debug.temp.o
 .debug_line    0x000169cc      0x4c9 C:\Users\ecemi\AppData\Local\Temp\ccUjOhk7.debug.temp.o
 .debug_line    0x00016e95      0x504 C:\Users\ecemi\AppData\Local\Temp\ccY2c3Xo.debug.temp.o
 .debug_line    0x00017399      0x61f C:\Users\ecemi\AppData\Local\Temp\ccO8KPHG.debug.temp.o
 .debug_line    0x000179b8      0x5fc C:\Users\ecemi\AppData\Local\Temp\ccSV1VyY.debug.temp.o
 .debug_line    0x00017fb4      0x615 C:\Users\ecemi\AppData\Local\Temp\ccyOh1zg.debug.temp.o
 .debug_line    0x000185c9      0x618 C:\Users\ecemi\AppData\Local\Temp\ccWNTJFy.debug.temp.o
 .debug_line    0x00018be1      0x636 C:\Users\ecemi\AppData\Local\Temp\cckjaFJP.debug.temp.o
 .debug_line    0x00019217      0x636 C:\Users\ecemi\AppData\Local\Temp\ccoIw6U6.debug.temp.o
 .debug_line    0x0001984d      0x654 C:\Users\ecemi\AppData\Local\Temp\cc8INQfo.debug.temp.o
 .debug_line    0x00019ea1      0x626 C:\Users\ecemi\AppData\Local\Temp\ccQI67EF.debug.temp.o
 .debug_line    0x0001a4c7      0x625 C:\Users\ecemi\AppData\Local\Temp\ccekkIdX.debug.temp.o
 .debug_line    0x0001aaec      0x648 C:\Users\ecemi\AppData\Local\Temp\cc8J7HKd.debug.temp.o
 .debug_line    0x0001b134      0x61b C:\Users\ecemi\AppData\Local\Temp\cc46OFtu.debug.temp.o
 .debug_line    0x0001b74f      0x641 C:\Users\ecemi\AppData\Local\Temp\ccIEe5lL.debug.temp.o
 .debug_line    0x0001bd90      0x5e4 C:\Users\ecemi\AppData\Local\Temp\ccmKtaj2.debug.temp.o
 .debug_line    0x0001c374      0x5ec C:\Users\ecemi\AppData\Local\Temp\cccMLpVm.debug.temp.o
 .debug_line    0x0001c960      0x637 C:\Users\ecemi\AppData\Local\Temp\cciw0HEH.debug.temp.o
 .debug_line    0x0001cf97      0x61a C:\Users\ecemi\AppData\Local\Temp\ccqnSOs2.debug.temp.o
 .debug_line    0x0001d5b1      0x615 C:\Users\ecemi\AppData\Local\Temp\cccNneqn.debug.temp.o
 .debug_line    0x0001dbc6      0x60c C:\Users\ecemi\AppData\Local\Temp\ccooabmH.debug.temp.o
 .debug_line    0x0001e1d2      0x62d C:\Users\ecemi\AppData\Local\Temp\ccQpsHm1.debug.temp.o
 .debug_line    0x0001e7ff      0x5ec C:\Users\ecemi\AppData\Local\Temp\ccIGvLwl.debug.temp.o
 .debug_line    0x0001edeb      0x5fc C:\Users\ecemi\AppData\Local\Temp\ccIXSINF.debug.temp.o
 .debug_line    0x0001f3e7      0x617 C:\Users\ecemi\AppData\Local\Temp\ccy5x0d0.debug.temp.o
 .debug_line    0x0001f9fe      0x55f C:\Users\ecemi\AppData\Local\Temp\ccM31BEj.debug.temp.o
 .debug_line    0x0001ff5d      0x588 C:\Users\ecemi\AppData\Local\Temp\ccYiZdcD.debug.temp.o
 .debug_line    0x000204e5      0x588 C:\Users\ecemi\AppData\Local\Temp\ccAlhNTW.debug.temp.o
 .debug_line    0x00020a6d      0x567 C:\Users\ecemi\AppData\Local\Temp\ccmXGoIg.debug.temp.o
 .debug_line    0x00020fd4      0x84e C:\Users\ecemi\AppData\Local\Temp\cc0wTWEz.debug.temp.o

.debug_info     0x00000000    0x700c7
 .debug_info    0x00000000       0x26 ./build/obj/crt0_v7m.o
 .debug_info    0x00000026       0x26 ./build/obj/vectors.o
 .debug_info    0x0000004c       0x26 ./build/obj/chcoreasm_v7m.o
 .debug_info    0x00000072     0xa153 C:\Users\ecemi\AppData\Local\Temp\ch.elf.pjFBcN.ltrans0.ltrans.o
 .debug_info    0x0000a1c5      0x383 C:\Users\ecemi\AppData\Local\Temp\ccgFx6Vx.debug.temp.o
                0x0000a1c5                crt1.c.7d30e960
 .debug_info    0x0000a548     0x149e C:\Users\ecemi\AppData\Local\Temp\ccEqwcgJ.debug.temp.o
                0x0000a548                hal.c.77c60f92
 .debug_info    0x0000b9e6     0x16fb C:\Users\ecemi\AppData\Local\Temp\ccGkhOSU.debug.temp.o
                0x0000b9e6                hal_st.c.2d82b5aa